2026-10-09 16:01:29,716 - __main__ - INFO - Loading the big yaml file.
2026-10-09 16:01:39,251 - __main__ - INFO - Done
2026-10-09 16:01:39,252 - __main__ - WARNING - hg18 dbkey is in the all_fasta but not in '__dbkeys__'
2026-10-09 16:01:39,252 - __main__ - WARNING - mm9 dbkey is in the all_fasta but not in '__dbkeys__'
2026-10-09 16:01:39,252 - __main__ - WARNING - mm10_ERCC dbkey is in the all_fasta but not in '__dbkeys__'
2026-10-09 16:01:39,252 - __main__ - WARNING - dm6 dbkey is in the all_fasta but not in '__dbkeys__'
2026-10-09 16:01:39,252 - __main__ - WARNING - turTru2 dbkey is in the all_fasta but not in '__dbkeys__'
2026-10-09 16:01:39,252 - __main__ - WARNING - dm3 is present twice in all_fasta. Please check.
2026-10-09 16:01:39,252 - __main__ - WARNING - hg19 is present twice in all_fasta. Please check.
2026-10-09 16:01:39,252 - __main__ - WARNING - draft dbkey is in the all_fasta but not in '__dbkeys__'
2026-10-09 16:01:39,252 - __main__ - WARNING - draft is present twice in all_fasta. Please check.
2026-10-09 16:01:39,252 - __main__ - WARNING - draft is present twice in all_fasta. Please check.
2026-10-09 16:01:39,252 - __main__ - WARNING - draft is present twice in all_fasta. Please check.
2026-10-09 16:01:39,252 - __main__ - WARNING - draft is present twice in all_fasta. Please check.
2026-10-09 16:01:39,252 - __main__ - WARNING - Picea_abies_ConGenIE_v1.0 dbkey is in the all_fasta but not in '__dbkeys__'
2026-10-09 16:01:39,252 - __main__ - WARNING - draft is present twice in all_fasta. Please check.
2026-10-09 16:01:39,252 - __main__ - WARNING - draft is present twice in all_fasta. Please check.
2026-10-09 16:01:39,252 - __main__ - WARNING - draft is present twice in all_fasta. Please check.
2026-10-09 16:01:39,252 - __main__ - WARNING - draft is present twice in all_fasta. Please check.
2026-10-09 16:01:39,253 - __main__ - WARNING - draft is present twice in all_fasta. Please check.
2026-10-09 16:01:39,253 - __main__ - WARNING - draft is present twice in all_fasta. Please check.
2026-10-09 16:01:39,253 - __main__ - WARNING - draft is present twice in all_fasta. Please check.
2026-10-09 16:01:39,253 - __main__ - WARNING - anoGam3 dbkey is in the all_fasta but not in '__dbkeys__'
2026-10-09 16:01:39,253 - __main__ - INFO - Checking table alignseq_seq entries
2026-10-09 16:01:39,253 - __main__ - INFO - Checking table bmtagger entries
2026-10-09 16:01:39,253 - __main__ - INFO - Checking table bowtie2_indexes entries
2026-10-09 16:01:39,253 - __main__ - WARNING - hg38full is in bowtie2_indexes from /opt/galaxy/tool-data/bowtie2_indices.loc but not in all_fasta
2026-10-09 16:01:39,253 - __main__ - WARNING - hg38canon is in bowtie2_indexes from /opt/galaxy/tool-data/bowtie2_indices.loc but not in all_fasta
2026-10-09 16:01:39,253 - __main__ - WARNING - hg19chrM is in bowtie2_indexes from /opt/galaxy/tool-data/bowtie2_indices.loc but not in all_fasta
2026-10-09 16:01:39,253 - __main__ - WARNING - mm10_ERCC is in bowtie2_indexes from /opt/galaxy/tool-data/bowtie2_indices.loc but not in all_fasta
2026-10-09 16:01:39,254 - __main__ - INFO - Checking table bowtie_indexes entries
2026-10-09 16:01:39,254 - __main__ - WARNING - hg38full is in bowtie_indexes from /opt/galaxy/tool-data/bowtie_indices.loc but not in all_fasta
2026-10-09 16:01:39,254 - __main__ - WARNING - hg38canon is in bowtie_indexes from /opt/galaxy/tool-data/bowtie_indices.loc but not in all_fasta
2026-10-09 16:01:39,254 - __main__ - WARNING - hg19chrM is in bowtie_indexes from /opt/galaxy/tool-data/bowtie_indices.loc but not in all_fasta
2026-10-09 16:01:39,254 - __main__ - INFO - Checking table bwa_indexes entries
2026-10-09 16:01:39,254 - __main__ - INFO - Checking table bwa_indexes_color entries
2026-10-09 16:01:39,254 - __main__ - INFO - Checking table bwa_mem2_indexes entries
2026-10-09 16:01:39,254 - __main__ - INFO - Checking table bwa_mem_indexes entries
2026-10-09 16:01:39,254 - __main__ - INFO - Checking table bwameth_indexes entries
2026-10-09 16:01:39,254 - __main__ - WARNING - hg38full is in bwameth_indexes from /opt/galaxy/tool-data/toolshed.g2.bx.psu.edu/repos/iuc/bwameth/f7094efef903/bwameth_indexes.loc but not in all_fasta
2026-10-09 16:01:39,254 - __main__ - INFO - Checking table fasta_indexes entries
2026-10-09 16:01:39,254 - __main__ - WARNING - hg19canon is in fasta_indexes from /opt/galaxy/tool-data/toolshed.g2.bx.psu.edu/repos/devteam/samtools_mpileup/973fea5b4bdf/fasta_indexes.loc but not in all_fasta
2026-10-09 16:01:39,254 - __main__ - WARNING - mm9canon is in fasta_indexes from /opt/galaxy/tool-data/toolshed.g2.bx.psu.edu/repos/devteam/samtools_mpileup/973fea5b4bdf/fasta_indexes.loc but not in all_fasta
2026-10-09 16:01:39,254 - __main__ - INFO - Checking table gatk_picard_indexes entries
2026-10-09 16:01:39,254 - __main__ - INFO - Checking table hisat2_indexes entries
2026-10-09 16:01:39,255 - __main__ - WARNING - grcm38 is in hisat2_indexes from /opt/galaxy/tool-data/toolshed.g2.bx.psu.edu/repos/iuc/data_manager_hisat2_index_builder/d3eb4d51b285/hisat2_indexes.loc but not in all_fasta
2026-10-09 16:01:39,255 - __main__ - WARNING - grch38 is in hisat2_indexes from /opt/galaxy/tool-data/toolshed.g2.bx.psu.edu/repos/iuc/data_manager_hisat2_index_builder/d3eb4d51b285/hisat2_indexes.loc but not in all_fasta
2026-10-09 16:01:39,255 - __main__ - INFO - Checking table homer_preparse entries
2026-10-09 16:01:39,255 - __main__ - INFO - Checking table kallisto_indexes entries
2026-10-09 16:01:39,255 - __main__ - WARNING - Oryza_sativa_ssp._indica_9311_BGF_2005_all_tx_transcriptome     Oryza_sativa_ssp._indica_9311_BGF_2005  Oryza sativa ssp. indica 9311_BGF_2005  /data/db/data_managers/Oryza_sativa_ssp._indica_9311_BGF_2005/kallisto_index/Oryza_sativa_ssp._indica_9311_BGF_2005_all_tx_transcriptome/Oryza_sativa_ssp._indica_9311_BGF_2005_all_tx_transcriptome is in kallisto_indexes from /opt/galaxy/tool-data/toolshed.g2.bx.psu.edu/repos/iuc/data_manager_kallisto_index_builder/6843a0db2da0/kallisto_indexes.loc but not in all_fasta
2026-10-09 16:01:39,255 - __main__ - WARNING - Theobroma_cacao_RefSeq_v1.1_all_tx_transcriptome        Theobroma_cacao_RefSeq_v1.1     Theobroma cacao RefSeq v1.1     /data/db/data_managers/Theobroma_cacao_RefSeq_v1.1/kallisto_index/Theobroma_cacao_RefSeq_v1.1_all_tx_transcriptome/Theobroma_cacao_RefSeq_v1.1_all_tx_transcriptome is in kallisto_indexes from /opt/galaxy/tool-data/toolshed.g2.bx.psu.edu/repos/iuc/data_manager_kallisto_index_builder/6843a0db2da0/kallisto_indexes.loc but not in all_fasta
2026-10-09 16:01:39,255 - __main__ - WARNING - Musa_acuminata_Banana_Genome_v2.0_all_tx_transcriptome  Musa_acuminata_Banana_Genome_v2.0 is in kallisto_indexes from /opt/galaxy/tool-data/toolshed.g2.bx.psu.edu/repos/iuc/data_manager_kallisto_index_builder/6843a0db2da0/kallisto_indexes.loc but not in all_fasta
2026-10-09 16:01:39,255 - __main__ - INFO - Checking table malt_indices entries
2026-10-09 16:01:39,255 - __main__ - INFO - Checking table mash_sketches entries
2026-10-09 16:01:39,255 - __main__ - INFO - Checking table mosaik_indexes entries
2026-10-09 16:01:39,255 - __main__ - INFO - Checking table ngs_sim_fasta entries
2026-10-09 16:01:39,255 - __main__ - INFO - Checking table picard_indexes entries
2026-10-09 16:01:39,255 - __main__ - WARNING - hg19_gatk is in picard_indexes from /opt/galaxy/tool-data/picard_index.loc but not in all_fasta
2026-10-09 16:01:39,255 - __main__ - INFO - Checking table rnastar_index2 entries
2026-10-09 16:01:39,255 - __main__ - WARNING - mm10.89 is in rnastar_index2 from /opt/galaxy/tool-data/toolshed.g2.bx.psu.edu/repos/iuc/data_manager_star_index_builder/cdc4d8a998e1/rnastar_index2.loc but not in all_fasta
2026-10-09 16:01:39,255 - __main__ - INFO - Checking table rnastar_index2x_versioned entries
2026-10-09 16:01:39,255 - __main__ - INFO - Checking table salmon_indexes_versioned entries
2026-10-09 16:01:39,255 - __main__ - WARNING - Ananas_comosus_JGI_v3.0_all_tx_transcriptome_q6 is in salmon_indexes_versioned from /opt/galaxy/tool-data/toolshed.g2.bx.psu.edu/repos/iuc/data_manager_salmon_index_builder/7d4fd734b078/salmon_indexes_versioned.loc but not in all_fasta
2026-10-09 16:01:39,255 - __main__ - WARNING - Apostasia_shenzhenica_v1.0_all_tx_transcriptome_q6 is in salmon_indexes_versioned from /opt/galaxy/tool-data/toolshed.g2.bx.psu.edu/repos/iuc/data_manager_salmon_index_builder/7d4fd734b078/salmon_indexes_versioned.loc but not in all_fasta
2026-10-09 16:01:39,255 - __main__ - WARNING - Arabidopsis_lyrata_JGI_v2.1_all_tx_transcriptome_q6 is in salmon_indexes_versioned from /opt/galaxy/tool-data/toolshed.g2.bx.psu.edu/repos/iuc/data_manager_salmon_index_builder/7d4fd734b078/salmon_indexes_versioned.loc but not in all_fasta
2026-10-09 16:01:39,255 - __main__ - WARNING - Arabidopsis_thaliana_COL-0_TAIR10_all_tx_transcriptome_q6 is in salmon_indexes_versioned from /opt/galaxy/tool-data/toolshed.g2.bx.psu.edu/repos/iuc/data_manager_salmon_index_builder/7d4fd734b078/salmon_indexes_versioned.loc but not in all_fasta
2026-10-09 16:01:39,256 - __main__ - WARNING - Arabidopsis_thaliana_COL-0_Araport11_all_tx_transcriptome_q6 is in salmon_indexes_versioned from /opt/galaxy/tool-data/toolshed.g2.bx.psu.edu/repos/iuc/data_manager_salmon_index_builder/7d4fd734b078/salmon_indexes_versioned.loc but not in all_fasta
2026-10-09 16:01:39,256 - __main__ - WARNING - Actinidia_chinensis_FEI_Lab_v1.0_all_tx_transcriptome_q6 is in salmon_indexes_versioned from /opt/galaxy/tool-data/toolshed.g2.bx.psu.edu/repos/iuc/data_manager_salmon_index_builder/7d4fd734b078/salmon_indexes_versioned.loc but not in all_fasta
2026-10-09 16:01:39,256 - __main__ - WARNING - Amborella_trichopoda_Amborella_V1.0_all_tx_transcriptome_q6 is in salmon_indexes_versioned from /opt/galaxy/tool-data/toolshed.g2.bx.psu.edu/repos/iuc/data_manager_salmon_index_builder/7d4fd734b078/salmon_indexes_versioned.loc but not in all_fasta
2026-10-09 16:01:39,256 - __main__ - WARNING - Arabidopsis_lyrata_JGI_v1.0_all_tx_transcriptome_q6 is in salmon_indexes_versioned from /opt/galaxy/tool-data/toolshed.g2.bx.psu.edu/repos/iuc/data_manager_salmon_index_builder/7d4fd734b078/salmon_indexes_versioned.loc but not in all_fasta
2026-10-09 16:01:39,256 - __main__ - WARNING - Amborella_trichopoda_JGI_v1.0_all_tx_transcriptome_q6 is in salmon_indexes_versioned from /opt/galaxy/tool-data/toolshed.g2.bx.psu.edu/repos/iuc/data_manager_salmon_index_builder/7d4fd734b078/salmon_indexes_versioned.loc but not in all_fasta
2026-10-09 16:01:39,256 - __main__ - WARNING - Arachis_ipaensis_Peanut_Base_v1.0_all_tx_transcriptome_q6 is in salmon_indexes_versioned from /opt/galaxy/tool-data/toolshed.g2.bx.psu.edu/repos/iuc/data_manager_salmon_index_builder/7d4fd734b078/salmon_indexes_versioned.loc but not in all_fasta
2026-10-09 16:01:39,256 - __main__ - WARNING - Asparagus_officinalis_v1.1_all_tx_transcriptome_q6 is in salmon_indexes_versioned from /opt/galaxy/tool-data/toolshed.g2.bx.psu.edu/repos/iuc/data_manager_salmon_index_builder/7d4fd734b078/salmon_indexes_versioned.loc but not in all_fasta
2026-10-09 16:01:39,256 - __main__ - WARNING - Beta_vulgaris_RefBeet_1.1_all_tx_transcriptome_q6 is in salmon_indexes_versioned from /opt/galaxy/tool-data/toolshed.g2.bx.psu.edu/repos/iuc/data_manager_salmon_index_builder/7d4fd734b078/salmon_indexes_versioned.loc but not in all_fasta
2026-10-09 16:01:39,256 - __main__ - WARNING - Beta_vulgaris_RefBeet_v1.2_all_tx_transcriptome_q6 is in salmon_indexes_versioned from /opt/galaxy/tool-data/toolshed.g2.bx.psu.edu/repos/iuc/data_manager_salmon_index_builder/7d4fd734b078/salmon_indexes_versioned.loc but not in all_fasta
2026-10-09 16:01:39,256 - __main__ - WARNING - Brachypodium_distachyon_JGI_v3.1_all_tx_transcriptome_q6 is in salmon_indexes_versioned from /opt/galaxy/tool-data/toolshed.g2.bx.psu.edu/repos/iuc/data_manager_salmon_index_builder/7d4fd734b078/salmon_indexes_versioned.loc but not in all_fasta
2026-10-09 16:01:39,256 - __main__ - WARNING - Carica_papaya_JGI_ASGPB0.4_all_tx_transcriptome_q6 is in salmon_indexes_versioned from /opt/galaxy/tool-data/toolshed.g2.bx.psu.edu/repos/iuc/data_manager_salmon_index_builder/7d4fd734b078/salmon_indexes_versioned.loc but not in all_fasta
2026-10-09 16:01:39,256 - __main__ - WARNING - Ostreococcus_lucimarinus_JGI_2.0_all_tx_transcriptome_q6 is in salmon_indexes_versioned from /opt/galaxy/tool-data/toolshed.g2.bx.psu.edu/repos/iuc/data_manager_salmon_index_builder/7d4fd734b078/salmon_indexes_versioned.loc but not in all_fasta
2026-10-09 16:01:39,256 - __main__ - WARNING - Ostreococcus_lucimarinus_JGI_v2.0_assembly_and_annotation_all_tx_transcriptome_q6 is in salmon_indexes_versioned from /opt/galaxy/tool-data/toolshed.g2.bx.psu.edu/repos/iuc/data_manager_salmon_index_builder/7d4fd734b078/salmon_indexes_versioned.loc but not in all_fasta
2026-10-09 16:01:39,256 - __main__ - WARNING - Micromonas_commoda_JGI_v3.0_all_tx_transcriptome_q6 is in salmon_indexes_versioned from /opt/galaxy/tool-data/toolshed.g2.bx.psu.edu/repos/iuc/data_manager_salmon_index_builder/7d4fd734b078/salmon_indexes_versioned.loc but not in all_fasta
2026-10-09 16:01:39,256 - __main__ - WARNING - Carica_papaya_Hawaii_Agriculture_Research_Center_all_tx_transcriptome_q6 is in salmon_indexes_versioned from /opt/galaxy/tool-data/toolshed.g2.bx.psu.edu/repos/iuc/data_manager_salmon_index_builder/7d4fd734b078/salmon_indexes_versioned.loc but not in all_fasta
2026-10-09 16:01:39,256 - __main__ - WARNING - Selaginella_moellendorffii_JGI_v1.0_all_tx_transcriptome_q6 is in salmon_indexes_versioned from /opt/galaxy/tool-data/toolshed.g2.bx.psu.edu/repos/iuc/data_manager_salmon_index_builder/7d4fd734b078/salmon_indexes_versioned.loc but not in all_fasta
2026-10-09 16:01:39,256 - __main__ - WARNING - Oropetium_thomaeum_JGI_v1.0_all_tx_transcriptome_q6 is in salmon_indexes_versioned from /opt/galaxy/tool-data/toolshed.g2.bx.psu.edu/repos/iuc/data_manager_salmon_index_builder/7d4fd734b078/salmon_indexes_versioned.loc but not in all_fasta
2026-10-09 16:01:39,256 - __main__ - WARNING - Brachypodium_distachyon_MIPS_1.2_all_tx_transcriptome_q6 is in salmon_indexes_versioned from /opt/galaxy/tool-data/toolshed.g2.bx.psu.edu/repos/iuc/data_manager_salmon_index_builder/7d4fd734b078/salmon_indexes_versioned.loc but not in all_fasta
2026-10-09 16:01:39,256 - __main__ - WARNING - Corchorus_olitorius_GenBank_v1.0_all_tx_transcriptome_q6 is in salmon_indexes_versioned from /opt/galaxy/tool-data/toolshed.g2.bx.psu.edu/repos/iuc/data_manager_salmon_index_builder/7d4fd734b078/salmon_indexes_versioned.loc but not in all_fasta
2026-10-09 16:01:39,256 - __main__ - WARNING - Citrullus_lanatus_Cucurbit_Genomics_Database_all_tx_transcriptome_q6 is in salmon_indexes_versioned from /opt/galaxy/tool-data/toolshed.g2.bx.psu.edu/repos/iuc/data_manager_salmon_index_builder/7d4fd734b078/salmon_indexes_versioned.loc but not in all_fasta
2026-10-09 16:01:39,256 - __main__ - WARNING - Cucumis_melo_Melonomics_v3.5_all_tx_transcriptome_q6 is in salmon_indexes_versioned from /opt/galaxy/tool-data/toolshed.g2.bx.psu.edu/repos/iuc/data_manager_salmon_index_builder/7d4fd734b078/salmon_indexes_versioned.loc but not in all_fasta
2026-10-09 16:01:39,256 - __main__ - WARNING - Lotus_japonicus_Kazusa_2.5_all_tx_transcriptome_q6 is in salmon_indexes_versioned from /opt/galaxy/tool-data/toolshed.g2.bx.psu.edu/repos/iuc/data_manager_salmon_index_builder/7d4fd734b078/salmon_indexes_versioned.loc but not in all_fasta
2026-10-09 16:01:39,256 - __main__ - WARNING - Ricinus_communis_JGI_v0.1_all_tx_transcriptome_q6 is in salmon_indexes_versioned from /opt/galaxy/tool-data/toolshed.g2.bx.psu.edu/repos/iuc/data_manager_salmon_index_builder/7d4fd734b078/salmon_indexes_versioned.loc but not in all_fasta
2026-10-09 16:01:39,256 - __main__ - WARNING - Spirodela_polyrhiza_JGI_v2.0_all_tx_transcriptome_q6 is in salmon_indexes_versioned from /opt/galaxy/tool-data/toolshed.g2.bx.psu.edu/repos/iuc/data_manager_salmon_index_builder/7d4fd734b078/salmon_indexes_versioned.loc but not in all_fasta
2026-10-09 16:01:39,256 - __main__ - WARNING - Phalaenopsis_equestris_Genomics_v1.0_all_tx_transcriptome_q6 is in salmon_indexes_versioned from /opt/galaxy/tool-data/toolshed.g2.bx.psu.edu/repos/iuc/data_manager_salmon_index_builder/7d4fd734b078/salmon_indexes_versioned.loc but not in all_fasta
2026-10-09 16:01:39,256 - __main__ - WARNING - Capsella_rubella_JGI_v1.0_all_tx_transcriptome_q6 is in salmon_indexes_versioned from /opt/galaxy/tool-data/toolshed.g2.bx.psu.edu/repos/iuc/data_manager_salmon_index_builder/7d4fd734b078/salmon_indexes_versioned.loc but not in all_fasta
2026-10-09 16:01:39,256 - __main__ - WARNING - Nelumbo_nucifera_LOTUS-DB_v1.1_all_tx_transcriptome_q6 is in salmon_indexes_versioned from /opt/galaxy/tool-data/toolshed.g2.bx.psu.edu/repos/iuc/data_manager_salmon_index_builder/7d4fd734b078/salmon_indexes_versioned.loc but not in all_fasta
2026-10-09 16:01:39,256 - __main__ - WARNING - Fragaria_vesca_JGI_v1.1_all_tx_transcriptome_q6 is in salmon_indexes_versioned from /opt/galaxy/tool-data/toolshed.g2.bx.psu.edu/repos/iuc/data_manager_salmon_index_builder/7d4fd734b078/salmon_indexes_versioned.loc but not in all_fasta
2026-10-09 16:01:39,256 - __main__ - WARNING - Solanum_tuberosum_ITAG_001_all_tx_transcriptome_q6 is in salmon_indexes_versioned from /opt/galaxy/tool-data/toolshed.g2.bx.psu.edu/repos/iuc/data_manager_salmon_index_builder/7d4fd734b078/salmon_indexes_versioned.loc but not in all_fasta
2026-10-09 16:01:39,256 - __main__ - WARNING - Thellungiella_parvula_TpV84_all_tx_transcriptome_q6 is in salmon_indexes_versioned from /opt/galaxy/tool-data/toolshed.g2.bx.psu.edu/repos/iuc/data_manager_salmon_index_builder/7d4fd734b078/salmon_indexes_versioned.loc but not in all_fasta
2026-10-09 16:01:39,256 - __main__ - WARNING - Elaeis_guineensis_EG5.1_all_tx_transcriptome_q6 is in salmon_indexes_versioned from /opt/galaxy/tool-data/toolshed.g2.bx.psu.edu/repos/iuc/data_manager_salmon_index_builder/7d4fd734b078/salmon_indexes_versioned.loc but not in all_fasta
2026-10-09 16:01:39,256 - __main__ - WARNING - Capsicum_annuum_Pepper_Genome_v2.0_all_tx_transcriptome_q6 is in salmon_indexes_versioned from /opt/galaxy/tool-data/toolshed.g2.bx.psu.edu/repos/iuc/data_manager_salmon_index_builder/7d4fd734b078/salmon_indexes_versioned.loc but not in all_fasta
2026-10-09 16:01:39,256 - __main__ - WARNING - Prunus_persica_JGI_release_v1.0_all_tx_transcriptome_q6 is in salmon_indexes_versioned from /opt/galaxy/tool-data/toolshed.g2.bx.psu.edu/repos/iuc/data_manager_salmon_index_builder/7d4fd734b078/salmon_indexes_versioned.loc but not in all_fasta
2026-10-09 16:01:39,256 - __main__ - WARNING - Solanum_tuberosum_JGI_v4.03_all_tx_transcriptome_q6 is in salmon_indexes_versioned from /opt/galaxy/tool-data/toolshed.g2.bx.psu.edu/repos/iuc/data_manager_salmon_index_builder/7d4fd734b078/salmon_indexes_versioned.loc but not in all_fasta
2026-10-09 16:01:39,256 - __main__ - WARNING - Schrenkiella_parvula_Thellungiella_v2.0_TpV84_all_tx_transcriptome_q6 is in salmon_indexes_versioned from /opt/galaxy/tool-data/toolshed.g2.bx.psu.edu/repos/iuc/data_manager_salmon_index_builder/7d4fd734b078/salmon_indexes_versioned.loc but not in all_fasta
2026-10-09 16:01:39,256 - __main__ - WARNING - Solanum_lycopersicum_Sol_Genomics_itag2.4_all_tx_transcriptome_q6 is in salmon_indexes_versioned from /opt/galaxy/tool-data/toolshed.g2.bx.psu.edu/repos/iuc/data_manager_salmon_index_builder/7d4fd734b078/salmon_indexes_versioned.loc but not in all_fasta
2026-10-09 16:01:39,256 - __main__ - WARNING - Musa_acuminata_Genescope-Cirad_all_tx_transcriptome_q6 is in salmon_indexes_versioned from /opt/galaxy/tool-data/toolshed.g2.bx.psu.edu/repos/iuc/data_manager_salmon_index_builder/7d4fd734b078/salmon_indexes_versioned.loc but not in all_fasta
2026-10-09 16:01:39,257 - __main__ - WARNING - Hordeum_vulgare_MIPS_all_tx_transcriptome_q6 is in salmon_indexes_versioned from /opt/galaxy/tool-data/toolshed.g2.bx.psu.edu/repos/iuc/data_manager_salmon_index_builder/7d4fd734b078/salmon_indexes_versioned.loc but not in all_fasta
2026-10-09 16:01:39,257 - __main__ - WARNING - Setaria_italica_JGI_8.3X_chromosome-scale_assembly_release_2.0_annotation_version_2.1_all_tx_transcriptome_q6 is in salmon_indexes_versioned from /opt/galaxy/tool-data/toolshed.g2.bx.psu.edu/repos/iuc/data_manager_salmon_index_builder/7d4fd734b078/salmon_indexes_versioned.loc but not in all_fasta
2026-10-09 16:01:39,257 - __main__ - WARNING - Musa_acuminata_Banana_Genome_v1.0_all_tx_transcriptome_q6 is in salmon_indexes_versioned from /opt/galaxy/tool-data/toolshed.g2.bx.psu.edu/repos/iuc/data_manager_salmon_index_builder/7d4fd734b078/salmon_indexes_versioned.loc but not in all_fasta
2026-10-09 16:01:39,257 - __main__ - WARNING - Citrus_clementina_JGI_v1.0_all_tx_transcriptome_q6 is in salmon_indexes_versioned from /opt/galaxy/tool-data/toolshed.g2.bx.psu.edu/repos/iuc/data_manager_salmon_index_builder/7d4fd734b078/salmon_indexes_versioned.loc but not in all_fasta
2026-10-09 16:01:39,257 - __main__ - WARNING - Manihot_esculenta_Cassava4_all_tx_transcriptome_q6 is in salmon_indexes_versioned from /opt/galaxy/tool-data/toolshed.g2.bx.psu.edu/repos/iuc/data_manager_salmon_index_builder/7d4fd734b078/salmon_indexes_versioned.loc but not in all_fasta
2026-10-09 16:01:39,257 - __main__ - WARNING - Petunia_axillaris_Sol_Genomics_v1.6.2_all_tx_transcriptome_q6 is in salmon_indexes_versioned from /opt/galaxy/tool-data/toolshed.g2.bx.psu.edu/repos/iuc/data_manager_salmon_index_builder/7d4fd734b078/salmon_indexes_versioned.loc but not in all_fasta
2026-10-09 16:01:39,257 - __main__ - WARNING - Selaginella_moellendorffii_NCBIr100_all_tx_transcriptome_q6 is in salmon_indexes_versioned from /opt/galaxy/tool-data/toolshed.g2.bx.psu.edu/repos/iuc/data_manager_salmon_index_builder/7d4fd734b078/salmon_indexes_versioned.loc but not in all_fasta
2026-10-09 16:01:39,257 - __main__ - WARNING - Sorghum_bicolor_JGI_1.4_all_tx_transcriptome_q6 is in salmon_indexes_versioned from /opt/galaxy/tool-data/toolshed.g2.bx.psu.edu/repos/iuc/data_manager_salmon_index_builder/7d4fd734b078/salmon_indexes_versioned.loc but not in all_fasta
2026-10-09 16:01:39,257 - __main__ - WARNING - Oryza_sativa_ssp._indica_9311_BGF_2005_all_tx_transcriptome_q6 is in salmon_indexes_versioned from /opt/galaxy/tool-data/toolshed.g2.bx.psu.edu/repos/iuc/data_manager_salmon_index_builder/7d4fd734b078/salmon_indexes_versioned.loc but not in all_fasta
2026-10-09 16:01:39,257 - __main__ - WARNING - Manihot_esculenta_JGI_v6.1_all_tx_transcriptome_q6 is in salmon_indexes_versioned from /opt/galaxy/tool-data/toolshed.g2.bx.psu.edu/repos/iuc/data_manager_salmon_index_builder/7d4fd734b078/salmon_indexes_versioned.loc but not in all_fasta
2026-10-09 16:01:39,257 - __main__ - WARNING - Pyrus_bretschneideri_Pear_Genome_Project_v1.0_all_tx_transcriptome_q6 is in salmon_indexes_versioned from /opt/galaxy/tool-data/toolshed.g2.bx.psu.edu/repos/iuc/data_manager_salmon_index_builder/7d4fd734b078/salmon_indexes_versioned.loc but not in all_fasta
2026-10-09 16:01:39,257 - __main__ - WARNING - Chlamydomonas_reinhardtii_JGI_v5.0_assembly_annot_v5.3.1_based_on_Augustus_u11.6_all_tx_transcriptome_q6 is in salmon_indexes_versioned from /opt/galaxy/tool-data/toolshed.g2.bx.psu.edu/repos/iuc/data_manager_salmon_index_builder/7d4fd734b078/salmon_indexes_versioned.loc but not in all_fasta
2026-10-09 16:01:39,257 - __main__ - WARNING - Zostera_marina_JGI_v2.2_all_tx_transcriptome_q6 is in salmon_indexes_versioned from /opt/galaxy/tool-data/toolshed.g2.bx.psu.edu/repos/iuc/data_manager_salmon_index_builder/7d4fd734b078/salmon_indexes_versioned.loc but not in all_fasta
2026-10-09 16:01:39,257 - __main__ - WARNING - Theobroma_cacao_D._Gilbert_public_gene_set_8_Mar_2012_on_assembly_v1.1_all_tx_transcriptome_q6 is in salmon_indexes_versioned from /opt/galaxy/tool-data/toolshed.g2.bx.psu.edu/repos/iuc/data_manager_salmon_index_builder/7d4fd734b078/salmon_indexes_versioned.loc but not in all_fasta
2026-10-09 16:01:39,257 - __main__ - WARNING - Chlamydomonas_reinhardtii_JGI_v5.5_all_tx_transcriptome_q6 is in salmon_indexes_versioned from /opt/galaxy/tool-data/toolshed.g2.bx.psu.edu/repos/iuc/data_manager_salmon_index_builder/7d4fd734b078/salmon_indexes_versioned.loc but not in all_fasta
2026-10-09 16:01:39,257 - __main__ - WARNING - Ricinus_communis_JCVI_1.0_all_tx_transcriptome_q6 is in salmon_indexes_versioned from /opt/galaxy/tool-data/toolshed.g2.bx.psu.edu/repos/iuc/data_manager_salmon_index_builder/7d4fd734b078/salmon_indexes_versioned.loc but not in all_fasta
2026-10-09 16:01:39,257 - __main__ - WARNING - Eucalyptus_grandis_JGI_v2.0_all_tx_transcriptome_q6 is in salmon_indexes_versioned from /opt/galaxy/tool-data/toolshed.g2.bx.psu.edu/repos/iuc/data_manager_salmon_index_builder/7d4fd734b078/salmon_indexes_versioned.loc but not in all_fasta
2026-10-09 16:01:39,257 - __main__ - WARNING - Brassica_oleracea_Ensembl_Genomes_v2.1_all_tx_transcriptome_q6 is in salmon_indexes_versioned from /opt/galaxy/tool-data/toolshed.g2.bx.psu.edu/repos/iuc/data_manager_salmon_index_builder/7d4fd734b078/salmon_indexes_versioned.loc but not in all_fasta
2026-10-09 16:01:39,257 - __main__ - WARNING - Cicer_arietinum_LIS_v1.0_all_tx_transcriptome_q6 is in salmon_indexes_versioned from /opt/galaxy/tool-data/toolshed.g2.bx.psu.edu/repos/iuc/data_manager_salmon_index_builder/7d4fd734b078/salmon_indexes_versioned.loc but not in all_fasta
2026-10-09 16:01:39,257 - __main__ - WARNING - Tarenaya_hassleriana_RefSeq_v1_all_tx_transcriptome_q6 is in salmon_indexes_versioned from /opt/galaxy/tool-data/toolshed.g2.bx.psu.edu/repos/iuc/data_manager_salmon_index_builder/7d4fd734b078/salmon_indexes_versioned.loc but not in all_fasta
2026-10-09 16:01:39,257 - __main__ - WARNING - Theobroma_cacao_RefSeq_v1.1_all_tx_transcriptome_q6 is in salmon_indexes_versioned from /opt/galaxy/tool-data/toolshed.g2.bx.psu.edu/repos/iuc/data_manager_salmon_index_builder/7d4fd734b078/salmon_indexes_versioned.loc but not in all_fasta
2026-10-09 16:01:39,257 - __main__ - WARNING - Saccharum_spontaneum_v20190103_all_tx_transcriptome_q6 is in salmon_indexes_versioned from /opt/galaxy/tool-data/toolshed.g2.bx.psu.edu/repos/iuc/data_manager_salmon_index_builder/7d4fd734b078/salmon_indexes_versioned.loc but not in all_fasta
2026-10-09 16:01:39,257 - __main__ - WARNING - Oryza_brachyantha_Ensembl_Plants_v1.4b_all_tx_transcriptome_q6 is in salmon_indexes_versioned from /opt/galaxy/tool-data/toolshed.g2.bx.psu.edu/repos/iuc/data_manager_salmon_index_builder/7d4fd734b078/salmon_indexes_versioned.loc but not in all_fasta
2026-10-09 16:01:39,257 - __main__ - WARNING - Musa_acuminata_Banana_Genome_v2.0_all_tx_transcriptome_q6 is in salmon_indexes_versioned from /opt/galaxy/tool-data/toolshed.g2.bx.psu.edu/repos/iuc/data_manager_salmon_index_builder/7d4fd734b078/salmon_indexes_versioned.loc but not in all_fasta
2026-10-09 16:01:39,257 - __main__ - WARNING - Solanum_lycopersicum_ITAG_2.3_all_tx_transcriptome_q6 is in salmon_indexes_versioned from /opt/galaxy/tool-data/toolshed.g2.bx.psu.edu/repos/iuc/data_manager_salmon_index_builder/7d4fd734b078/salmon_indexes_versioned.loc but not in all_fasta
2026-10-09 16:01:39,257 - __main__ - WARNING - Physcomitrella_patens_JGI_assembly_release_v1.1_and_COSMOSS_annotation_v1.6_all_tx_transcriptome_q6 is in salmon_indexes_versioned from /opt/galaxy/tool-data/toolshed.g2.bx.psu.edu/repos/iuc/data_manager_salmon_index_builder/7d4fd734b078/salmon_indexes_versioned.loc but not in all_fasta
2026-10-09 16:01:39,257 - __main__ - WARNING - Oryza_sativa_ssp._indica_MBKBASE_v1.0_all_tx_transcriptome_q6 is in salmon_indexes_versioned from /opt/galaxy/tool-data/toolshed.g2.bx.psu.edu/repos/iuc/data_manager_salmon_index_builder/7d4fd734b078/salmon_indexes_versioned.loc but not in all_fasta
2026-10-09 16:01:39,257 - __main__ - WARNING - Hevea_brasiliensis_NCBI_Genomes_v1_all_tx_transcriptome_q6 is in salmon_indexes_versioned from /opt/galaxy/tool-data/toolshed.g2.bx.psu.edu/repos/iuc/data_manager_salmon_index_builder/7d4fd734b078/salmon_indexes_versioned.loc but not in all_fasta
2026-10-09 16:01:39,257 - __main__ - WARNING - Vigna_radiata_var._radiata_LIS_v6_all_tx_transcriptome_q6 is in salmon_indexes_versioned from /opt/galaxy/tool-data/toolshed.g2.bx.psu.edu/repos/iuc/data_manager_salmon_index_builder/7d4fd734b078/salmon_indexes_versioned.loc but not in all_fasta
2026-10-09 16:01:39,257 - __main__ - WARNING - Eucalyptus_grandis_JGI_assembly_v1.0_annotation_v1.1_all_tx_transcriptome_q6 is in salmon_indexes_versioned from /opt/galaxy/tool-data/toolshed.g2.bx.psu.edu/repos/iuc/data_manager_salmon_index_builder/7d4fd734b078/salmon_indexes_versioned.loc but not in all_fasta
2026-10-09 16:01:39,257 - __main__ - WARNING - Zea_mays_PH207_v1.0_all_tx_transcriptome_q6 is in salmon_indexes_versioned from /opt/galaxy/tool-data/toolshed.g2.bx.psu.edu/repos/iuc/data_manager_salmon_index_builder/7d4fd734b078/salmon_indexes_versioned.loc but not in all_fasta
2026-10-09 16:01:39,257 - __main__ - WARNING - Marchantia_polymorpha_JGI_v3.1_all_tx_transcriptome_q6 is in salmon_indexes_versioned from /opt/galaxy/tool-data/toolshed.g2.bx.psu.edu/repos/iuc/data_manager_salmon_index_builder/7d4fd734b078/salmon_indexes_versioned.loc but not in all_fasta
2026-10-09 16:01:39,257 - __main__ - WARNING - Gossypium_raimondii_JGI_v2.1_all_tx_transcriptome_q6 is in salmon_indexes_versioned from /opt/galaxy/tool-data/toolshed.g2.bx.psu.edu/repos/iuc/data_manager_salmon_index_builder/7d4fd734b078/salmon_indexes_versioned.loc but not in all_fasta
2026-10-09 16:01:39,257 - __main__ - WARNING - Hordeum_vulgare_Ensembl_Genomes_ASM32608v1_all_tx_transcriptome_q6 is in salmon_indexes_versioned from /opt/galaxy/tool-data/toolshed.g2.bx.psu.edu/repos/iuc/data_manager_salmon_index_builder/7d4fd734b078/salmon_indexes_versioned.loc but not in all_fasta
2026-10-09 16:01:39,257 - __main__ - WARNING - Glycine_max_JGI_Glyma1.1_annotation_of_the_chromosome-based_Glyma1_assembly_all_tx_transcriptome_q6 is in salmon_indexes_versioned from /opt/galaxy/tool-data/toolshed.g2.bx.psu.edu/repos/iuc/data_manager_salmon_index_builder/7d4fd734b078/salmon_indexes_versioned.loc but not in all_fasta
2026-10-09 16:01:39,257 - __main__ - WARNING - Medicago_truncatula_JGI_Mt4.0v1_all_tx_transcriptome_q6 is in salmon_indexes_versioned from /opt/galaxy/tool-data/toolshed.g2.bx.psu.edu/repos/iuc/data_manager_salmon_index_builder/7d4fd734b078/salmon_indexes_versioned.loc but not in all_fasta
2026-10-09 16:01:39,257 - __main__ - WARNING - Vitis_vinifera_JGI_12xMarch2010_all_tx_transcriptome_q6 is in salmon_indexes_versioned from /opt/galaxy/tool-data/toolshed.g2.bx.psu.edu/repos/iuc/data_manager_salmon_index_builder/7d4fd734b078/salmon_indexes_versioned.loc but not in all_fasta
2026-10-09 16:01:39,257 - __main__ - WARNING - Setaria_italica_JGI_v2.2_all_tx_transcriptome_q6 is in salmon_indexes_versioned from /opt/galaxy/tool-data/toolshed.g2.bx.psu.edu/repos/iuc/data_manager_salmon_index_builder/7d4fd734b078/salmon_indexes_versioned.loc but not in all_fasta
2026-10-09 16:01:39,258 - __main__ - WARNING - Gossypium_raimondii_JGI_annotation_v2.1_on_assembly_v2.0_all_tx_transcriptome_q6 is in salmon_indexes_versioned from /opt/galaxy/tool-data/toolshed.g2.bx.psu.edu/repos/iuc/data_manager_salmon_index_builder/7d4fd734b078/salmon_indexes_versioned.loc but not in all_fasta
2026-10-09 16:01:39,258 - __main__ - WARNING - Phyllostachys_edulis_NCGR_v1.0_all_tx_transcriptome_q6 is in salmon_indexes_versioned from /opt/galaxy/tool-data/toolshed.g2.bx.psu.edu/repos/iuc/data_manager_salmon_index_builder/7d4fd734b078/salmon_indexes_versioned.loc but not in all_fasta
2026-10-09 16:01:39,258 - __main__ - WARNING - Medicago_truncatula_JCVI_4.0_all_tx_transcriptome_q6 is in salmon_indexes_versioned from /opt/galaxy/tool-data/toolshed.g2.bx.psu.edu/repos/iuc/data_manager_salmon_index_builder/7d4fd734b078/salmon_indexes_versioned.loc but not in all_fasta
2026-10-09 16:01:39,258 - __main__ - WARNING - Malus_domestica_IASMA_all_tx_transcriptome_q6 is in salmon_indexes_versioned from /opt/galaxy/tool-data/toolshed.g2.bx.psu.edu/repos/iuc/data_manager_salmon_index_builder/7d4fd734b078/salmon_indexes_versioned.loc but not in all_fasta
2026-10-09 16:01:39,258 - __main__ - WARNING - Sorghum_bicolor_JGI_v3.1_all_tx_transcriptome_q6 is in salmon_indexes_versioned from /opt/galaxy/tool-data/toolshed.g2.bx.psu.edu/repos/iuc/data_manager_salmon_index_builder/7d4fd734b078/salmon_indexes_versioned.loc but not in all_fasta
2026-10-09 16:01:39,258 - __main__ - WARNING - Populus_trichocarpa_JGI_assembly_release_v3.0_annotation_v3.0_all_tx_transcriptome_q6 is in salmon_indexes_versioned from /opt/galaxy/tool-data/toolshed.g2.bx.psu.edu/repos/iuc/data_manager_salmon_index_builder/7d4fd734b078/salmon_indexes_versioned.loc but not in all_fasta
2026-10-09 16:01:39,258 - __main__ - WARNING - Populus_trichocarpa_JGI_v3.1_all_tx_transcriptome_q6 is in salmon_indexes_versioned from /opt/galaxy/tool-data/toolshed.g2.bx.psu.edu/repos/iuc/data_manager_salmon_index_builder/7d4fd734b078/salmon_indexes_versioned.loc but not in all_fasta
2026-10-09 16:01:39,258 - __main__ - WARNING - Triticum_turgidum_Svevo_v1.0_all_tx_transcriptome_q6 is in salmon_indexes_versioned from /opt/galaxy/tool-data/toolshed.g2.bx.psu.edu/repos/iuc/data_manager_salmon_index_builder/7d4fd734b078/salmon_indexes_versioned.loc but not in all_fasta
2026-10-09 16:01:39,258 - __main__ - WARNING - Physcomitrella_patens_JGI_v3.3_all_tx_transcriptome_q6 is in salmon_indexes_versioned from /opt/galaxy/tool-data/toolshed.g2.bx.psu.edu/repos/iuc/data_manager_salmon_index_builder/7d4fd734b078/salmon_indexes_versioned.loc but not in all_fasta
2026-10-09 16:01:39,258 - __main__ - WARNING - Triticum_aestivum_Ensembl_Plants_TGACv1_all_tx_transcriptome_q6 is in salmon_indexes_versioned from /opt/galaxy/tool-data/toolshed.g2.bx.psu.edu/repos/iuc/data_manager_salmon_index_builder/7d4fd734b078/salmon_indexes_versioned.loc but not in all_fasta
2026-10-09 16:01:39,258 - __main__ - WARNING - Utricularia_gibba_CoGe_v4_all_tx_transcriptome_q6 is in salmon_indexes_versioned from /opt/galaxy/tool-data/toolshed.g2.bx.psu.edu/repos/iuc/data_manager_salmon_index_builder/7d4fd734b078/salmon_indexes_versioned.loc but not in all_fasta
2026-10-09 16:01:39,258 - __main__ - WARNING - Zoysia_japonica_ssp._nagirizaki_Zoysia_Genome_Database_v1.1_all_tx_transcriptome_q6 is in salmon_indexes_versioned from /opt/galaxy/tool-data/toolshed.g2.bx.psu.edu/repos/iuc/data_manager_salmon_index_builder/7d4fd734b078/salmon_indexes_versioned.loc but not in all_fasta
2026-10-09 16:01:39,258 - __main__ - WARNING - Citrullus_lanatus_Cucurbit_Genomics_Database_v1.0_all_tx_transcriptome_q6 is in salmon_indexes_versioned from /opt/galaxy/tool-data/toolshed.g2.bx.psu.edu/repos/iuc/data_manager_salmon_index_builder/7d4fd734b078/salmon_indexes_versioned.loc but not in all_fasta
2026-10-09 16:01:39,258 - __main__ - WARNING - Zea_mays_B73_AGP_v4.0_all_tx_transcriptome_q6 is in salmon_indexes_versioned from /opt/galaxy/tool-data/toolshed.g2.bx.psu.edu/repos/iuc/data_manager_salmon_index_builder/7d4fd734b078/salmon_indexes_versioned.loc but not in all_fasta
2026-10-09 16:01:39,258 - __main__ - WARNING - Erythranthe_guttata_JGI_v2.0_all_tx_transcriptome_q6 is in salmon_indexes_versioned from /opt/galaxy/tool-data/toolshed.g2.bx.psu.edu/repos/iuc/data_manager_salmon_index_builder/7d4fd734b078/salmon_indexes_versioned.loc but not in all_fasta
2026-10-09 16:01:39,258 - __main__ - WARNING - Picea_abies_ConGenIE_v1.0_all_tx_transcriptome_q6 is in salmon_indexes_versioned from /opt/galaxy/tool-data/toolshed.g2.bx.psu.edu/repos/iuc/data_manager_salmon_index_builder/7d4fd734b078/salmon_indexes_versioned.loc but not in all_fasta
2026-10-09 16:01:39,258 - __main__ - WARNING - Prunus_persica_JGI_v2.1_all_tx_transcriptome_q6 is in salmon_indexes_versioned from /opt/galaxy/tool-data/toolshed.g2.bx.psu.edu/repos/iuc/data_manager_salmon_index_builder/7d4fd734b078/salmon_indexes_versioned.loc but not in all_fasta
2026-10-09 16:01:39,258 - __main__ - WARNING - Oryza_sativa_ssp._japonica_JGI_v7.0_all_tx_transcriptome_q6 is in salmon_indexes_versioned from /opt/galaxy/tool-data/toolshed.g2.bx.psu.edu/repos/iuc/data_manager_salmon_index_builder/7d4fd734b078/salmon_indexes_versioned.loc but not in all_fasta
2026-10-09 16:01:39,258 - __main__ - WARNING - Triticum_aestivum_IWGSC1.1_all_tx_transcriptome_q6 is in salmon_indexes_versioned from /opt/galaxy/tool-data/toolshed.g2.bx.psu.edu/repos/iuc/data_manager_salmon_index_builder/7d4fd734b078/salmon_indexes_versioned.loc but not in all_fasta
2026-10-09 16:01:39,258 - __main__ - WARNING - Coffea_canephora_Coffee_Genome_Hub_v1_all_tx_transcriptome_q6 is in salmon_indexes_versioned from /opt/galaxy/tool-data/toolshed.g2.bx.psu.edu/repos/iuc/data_manager_salmon_index_builder/7d4fd734b078/salmon_indexes_versioned.loc but not in all_fasta
2026-10-09 16:01:39,258 - __main__ - WARNING - Vitis_vinifera_genescope_v1_all_tx_transcriptome_q6 is in salmon_indexes_versioned from /opt/galaxy/tool-data/toolshed.g2.bx.psu.edu/repos/iuc/data_manager_salmon_index_builder/7d4fd734b078/salmon_indexes_versioned.loc but not in all_fasta
2026-10-09 16:01:39,258 - __main__ - WARNING - Daucus_carota_JGI_v2.0_all_tx_transcriptome_q6 is in salmon_indexes_versioned from /opt/galaxy/tool-data/toolshed.g2.bx.psu.edu/repos/iuc/data_manager_salmon_index_builder/7d4fd734b078/salmon_indexes_versioned.loc but not in all_fasta
2026-10-09 16:01:39,258 - __main__ - WARNING - Malus_domestica_Penguin_Genomics_v2_all_tx_transcriptome_q6 is in salmon_indexes_versioned from /opt/galaxy/tool-data/toolshed.g2.bx.psu.edu/repos/iuc/data_manager_salmon_index_builder/7d4fd734b078/salmon_indexes_versioned.loc but not in all_fasta
2026-10-09 16:01:39,258 - __main__ - WARNING - Cucumis_sativus_L._JGI_v1.0_all_tx_transcriptome_q6 is in salmon_indexes_versioned from /opt/galaxy/tool-data/toolshed.g2.bx.psu.edu/repos/iuc/data_manager_salmon_index_builder/7d4fd734b078/salmon_indexes_versioned.loc but not in all_fasta
2026-10-09 16:01:39,258 - __main__ - WARNING - Fragaria_vesca_Strawberry_Genome_1.0_all_tx_transcriptome_q6 is in salmon_indexes_versioned from /opt/galaxy/tool-data/toolshed.g2.bx.psu.edu/repos/iuc/data_manager_salmon_index_builder/7d4fd734b078/salmon_indexes_versioned.loc but not in all_fasta
2026-10-09 16:01:39,258 - __main__ - WARNING - Cenchrus_americanus_v1.0_all_tx_transcriptome_q6 is in salmon_indexes_versioned from /opt/galaxy/tool-data/toolshed.g2.bx.psu.edu/repos/iuc/data_manager_salmon_index_builder/7d4fd734b078/salmon_indexes_versioned.loc but not in all_fasta
2026-10-09 16:01:39,258 - __main__ - WARNING - Brassica_rapa_Annotation_v1.2_on_assembly_v1.1_Phytozome_9.1_all_tx_transcriptome_q6 is in salmon_indexes_versioned from /opt/galaxy/tool-data/toolshed.g2.bx.psu.edu/repos/iuc/data_manager_salmon_index_builder/7d4fd734b078/salmon_indexes_versioned.loc but not in all_fasta
2026-10-09 16:01:39,258 - __main__ - WARNING - Capsella_rubella_JGI_annotation_v1.0_on_assembly_v1_all_tx_transcriptome_q6 is in salmon_indexes_versioned from /opt/galaxy/tool-data/toolshed.g2.bx.psu.edu/repos/iuc/data_manager_salmon_index_builder/7d4fd734b078/salmon_indexes_versioned.loc but not in all_fasta
2026-10-09 16:01:39,258 - __main__ - WARNING - Cajanus_cajan_Penguin_Genomics_v5.0_all_tx_transcriptome_q6 is in salmon_indexes_versioned from /opt/galaxy/tool-data/toolshed.g2.bx.psu.edu/repos/iuc/data_manager_salmon_index_builder/7d4fd734b078/salmon_indexes_versioned.loc but not in all_fasta
2026-10-09 16:01:39,258 - __main__ - WARNING - Citrus_sinensis_JGI_v1_assembly_and_v1.0_annotation_all_tx_transcriptome_q6 is in salmon_indexes_versioned from /opt/galaxy/tool-data/toolshed.g2.bx.psu.edu/repos/iuc/data_manager_salmon_index_builder/7d4fd734b078/salmon_indexes_versioned.loc but not in all_fasta
2026-10-09 16:01:39,258 - __main__ - WARNING - Trifolium_pratense_JGI_v2_all_tx_transcriptome_q6 is in salmon_indexes_versioned from /opt/galaxy/tool-data/toolshed.g2.bx.psu.edu/repos/iuc/data_manager_salmon_index_builder/7d4fd734b078/salmon_indexes_versioned.loc but not in all_fasta
2026-10-09 16:01:39,258 - __main__ - WARNING - Chenopodium_quinoa_JGI_v1.0_all_tx_transcriptome_q6 is in salmon_indexes_versioned from /opt/galaxy/tool-data/toolshed.g2.bx.psu.edu/repos/iuc/data_manager_salmon_index_builder/7d4fd734b078/salmon_indexes_versioned.loc but not in all_fasta
2026-10-09 16:01:39,258 - __main__ - WARNING - Brassica_rapa_JGI_FPsc1.3_all_tx_transcriptome_q6 is in salmon_indexes_versioned from /opt/galaxy/tool-data/toolshed.g2.bx.psu.edu/repos/iuc/data_manager_salmon_index_builder/7d4fd734b078/salmon_indexes_versioned.loc but not in all_fasta
2026-10-09 16:01:39,258 - __main__ - WARNING - Elaeis_guineensis_NCBI_Genome_v1.0_all_tx_transcriptome_q6 is in salmon_indexes_versioned from /opt/galaxy/tool-data/toolshed.g2.bx.psu.edu/repos/iuc/data_manager_salmon_index_builder/7d4fd734b078/salmon_indexes_versioned.loc but not in all_fasta
2026-10-09 16:01:39,258 - __main__ - WARNING - Oryza_sativa_ssp._japonica_MSU_RGAP_7_all_tx_transcriptome_q6 is in salmon_indexes_versioned from /opt/galaxy/tool-data/toolshed.g2.bx.psu.edu/repos/iuc/data_manager_salmon_index_builder/7d4fd734b078/salmon_indexes_versioned.loc but not in all_fasta
2026-10-09 16:01:39,258 - __main__ - WARNING - Glycine_max_JGI_Wm82.a2.v1_all_tx_transcriptome_q6 is in salmon_indexes_versioned from /opt/galaxy/tool-data/toolshed.g2.bx.psu.edu/repos/iuc/data_manager_salmon_index_builder/7d4fd734b078/salmon_indexes_versioned.loc but not in all_fasta
2026-10-09 16:01:39,258 - __main__ - WARNING - Hordeum_vulgare_IBC_PGSB_v2_all_tx_transcriptome_q6 is in salmon_indexes_versioned from /opt/galaxy/tool-data/toolshed.g2.bx.psu.edu/repos/iuc/data_manager_salmon_index_builder/7d4fd734b078/salmon_indexes_versioned.loc but not in all_fasta
2026-10-09 16:01:39,259 - __main__ - WARNING - Ananas_comosus_JGI_v3.0_all_tx_transcriptome_q6 is in salmon_indexes_versioned from /opt/galaxy/tool-data/toolshed.g2.bx.psu.edu/repos/iuc/data_manager_salmon_index_builder/7d4fd734b078/salmon_indexes_versioned.loc but not in all_fasta
2026-10-09 16:01:39,259 - __main__ - WARNING - Apostasia_shenzhenica_v1.0_all_tx_transcriptome_q6 is in salmon_indexes_versioned from /opt/galaxy/tool-data/toolshed.g2.bx.psu.edu/repos/iuc/data_manager_salmon_index_builder/7d4fd734b078/salmon_indexes_versioned.loc but not in all_fasta
2026-10-09 16:01:39,259 - __main__ - WARNING - Arabidopsis_lyrata_JGI_v2.1_all_tx_transcriptome_q6 is in salmon_indexes_versioned from /opt/galaxy/tool-data/toolshed.g2.bx.psu.edu/repos/iuc/data_manager_salmon_index_builder/7d4fd734b078/salmon_indexes_versioned.loc but not in all_fasta
2026-10-09 16:01:39,259 - __main__ - WARNING - Arabidopsis_thaliana_COL-0_TAIR10_all_tx_transcriptome_q6 is in salmon_indexes_versioned from /opt/galaxy/tool-data/toolshed.g2.bx.psu.edu/repos/iuc/data_manager_salmon_index_builder/7d4fd734b078/salmon_indexes_versioned.loc but not in all_fasta
2026-10-09 16:01:39,259 - __main__ - WARNING - Arabidopsis_thaliana_COL-0_Araport11_all_tx_transcriptome_q6 is in salmon_indexes_versioned from /opt/galaxy/tool-data/toolshed.g2.bx.psu.edu/repos/iuc/data_manager_salmon_index_builder/7d4fd734b078/salmon_indexes_versioned.loc but not in all_fasta
2026-10-09 16:01:39,259 - __main__ - WARNING - Actinidia_chinensis_FEI_Lab_v1.0_all_tx_transcriptome_q6 is in salmon_indexes_versioned from /opt/galaxy/tool-data/toolshed.g2.bx.psu.edu/repos/iuc/data_manager_salmon_index_builder/7d4fd734b078/salmon_indexes_versioned.loc but not in all_fasta
2026-10-09 16:01:39,259 - __main__ - WARNING - Amborella_trichopoda_Amborella_V1.0_all_tx_transcriptome_q6 is in salmon_indexes_versioned from /opt/galaxy/tool-data/toolshed.g2.bx.psu.edu/repos/iuc/data_manager_salmon_index_builder/7d4fd734b078/salmon_indexes_versioned.loc but not in all_fasta
2026-10-09 16:01:39,259 - __main__ - WARNING - Arabidopsis_lyrata_JGI_v1.0_all_tx_transcriptome_q6 is in salmon_indexes_versioned from /opt/galaxy/tool-data/toolshed.g2.bx.psu.edu/repos/iuc/data_manager_salmon_index_builder/7d4fd734b078/salmon_indexes_versioned.loc but not in all_fasta
2026-10-09 16:01:39,259 - __main__ - WARNING - Amborella_trichopoda_JGI_v1.0_all_tx_transcriptome_q6 is in salmon_indexes_versioned from /opt/galaxy/tool-data/toolshed.g2.bx.psu.edu/repos/iuc/data_manager_salmon_index_builder/7d4fd734b078/salmon_indexes_versioned.loc but not in all_fasta
2026-10-09 16:01:39,259 - __main__ - WARNING - Arachis_ipaensis_Peanut_Base_v1.0_all_tx_transcriptome_q6 is in salmon_indexes_versioned from /opt/galaxy/tool-data/toolshed.g2.bx.psu.edu/repos/iuc/data_manager_salmon_index_builder/7d4fd734b078/salmon_indexes_versioned.loc but not in all_fasta
2026-10-09 16:01:39,259 - __main__ - WARNING - Asparagus_officinalis_v1.1_all_tx_transcriptome_q6 is in salmon_indexes_versioned from /opt/galaxy/tool-data/toolshed.g2.bx.psu.edu/repos/iuc/data_manager_salmon_index_builder/7d4fd734b078/salmon_indexes_versioned.loc but not in all_fasta
2026-10-09 16:01:39,259 - __main__ - WARNING - Beta_vulgaris_RefBeet_1.1_all_tx_transcriptome_q6 is in salmon_indexes_versioned from /opt/galaxy/tool-data/toolshed.g2.bx.psu.edu/repos/iuc/data_manager_salmon_index_builder/7d4fd734b078/salmon_indexes_versioned.loc but not in all_fasta
2026-10-09 16:01:39,259 - __main__ - WARNING - Beta_vulgaris_RefBeet_v1.2_all_tx_transcriptome_q6 is in salmon_indexes_versioned from /opt/galaxy/tool-data/toolshed.g2.bx.psu.edu/repos/iuc/data_manager_salmon_index_builder/7d4fd734b078/salmon_indexes_versioned.loc but not in all_fasta
2026-10-09 16:01:39,259 - __main__ - WARNING - Brachypodium_distachyon_JGI_v3.1_all_tx_transcriptome_q6 is in salmon_indexes_versioned from /opt/galaxy/tool-data/toolshed.g2.bx.psu.edu/repos/iuc/data_manager_salmon_index_builder/7d4fd734b078/salmon_indexes_versioned.loc but not in all_fasta
2026-10-09 16:01:39,259 - __main__ - WARNING - Carica_papaya_JGI_ASGPB0.4_all_tx_transcriptome_q6 is in salmon_indexes_versioned from /opt/galaxy/tool-data/toolshed.g2.bx.psu.edu/repos/iuc/data_manager_salmon_index_builder/7d4fd734b078/salmon_indexes_versioned.loc but not in all_fasta
2026-10-09 16:01:39,259 - __main__ - WARNING - Ostreococcus_lucimarinus_JGI_2.0_all_tx_transcriptome_q6 is in salmon_indexes_versioned from /opt/galaxy/tool-data/toolshed.g2.bx.psu.edu/repos/iuc/data_manager_salmon_index_builder/7d4fd734b078/salmon_indexes_versioned.loc but not in all_fasta
2026-10-09 16:01:39,259 - __main__ - WARNING - Ostreococcus_lucimarinus_JGI_v2.0_assembly_and_annotation_all_tx_transcriptome_q6 is in salmon_indexes_versioned from /opt/galaxy/tool-data/toolshed.g2.bx.psu.edu/repos/iuc/data_manager_salmon_index_builder/7d4fd734b078/salmon_indexes_versioned.loc but not in all_fasta
2026-10-09 16:01:39,259 - __main__ - WARNING - Micromonas_commoda_JGI_v3.0_all_tx_transcriptome_q6 is in salmon_indexes_versioned from /opt/galaxy/tool-data/toolshed.g2.bx.psu.edu/repos/iuc/data_manager_salmon_index_builder/7d4fd734b078/salmon_indexes_versioned.loc but not in all_fasta
2026-10-09 16:01:39,259 - __main__ - WARNING - Carica_papaya_Hawaii_Agriculture_Research_Center_all_tx_transcriptome_q6 is in salmon_indexes_versioned from /opt/galaxy/tool-data/toolshed.g2.bx.psu.edu/repos/iuc/data_manager_salmon_index_builder/7d4fd734b078/salmon_indexes_versioned.loc but not in all_fasta
2026-10-09 16:01:39,259 - __main__ - WARNING - Selaginella_moellendorffii_JGI_v1.0_all_tx_transcriptome_q6 is in salmon_indexes_versioned from /opt/galaxy/tool-data/toolshed.g2.bx.psu.edu/repos/iuc/data_manager_salmon_index_builder/7d4fd734b078/salmon_indexes_versioned.loc but not in all_fasta
2026-10-09 16:01:39,259 - __main__ - WARNING - Oropetium_thomaeum_JGI_v1.0_all_tx_transcriptome_q6 is in salmon_indexes_versioned from /opt/galaxy/tool-data/toolshed.g2.bx.psu.edu/repos/iuc/data_manager_salmon_index_builder/7d4fd734b078/salmon_indexes_versioned.loc but not in all_fasta
2026-10-09 16:01:39,259 - __main__ - WARNING - Brachypodium_distachyon_MIPS_1.2_all_tx_transcriptome_q6 is in salmon_indexes_versioned from /opt/galaxy/tool-data/toolshed.g2.bx.psu.edu/repos/iuc/data_manager_salmon_index_builder/7d4fd734b078/salmon_indexes_versioned.loc but not in all_fasta
2026-10-09 16:01:39,259 - __main__ - WARNING - Corchorus_olitorius_GenBank_v1.0_all_tx_transcriptome_q6 is in salmon_indexes_versioned from /opt/galaxy/tool-data/toolshed.g2.bx.psu.edu/repos/iuc/data_manager_salmon_index_builder/7d4fd734b078/salmon_indexes_versioned.loc but not in all_fasta
2026-10-09 16:01:39,259 - __main__ - WARNING - Citrullus_lanatus_Cucurbit_Genomics_Database_all_tx_transcriptome_q6 is in salmon_indexes_versioned from /opt/galaxy/tool-data/toolshed.g2.bx.psu.edu/repos/iuc/data_manager_salmon_index_builder/7d4fd734b078/salmon_indexes_versioned.loc but not in all_fasta
2026-10-09 16:01:39,259 - __main__ - WARNING - Cucumis_melo_Melonomics_v3.5_all_tx_transcriptome_q6 is in salmon_indexes_versioned from /opt/galaxy/tool-data/toolshed.g2.bx.psu.edu/repos/iuc/data_manager_salmon_index_builder/7d4fd734b078/salmon_indexes_versioned.loc but not in all_fasta
2026-10-09 16:01:39,259 - __main__ - WARNING - Lotus_japonicus_Kazusa_2.5_all_tx_transcriptome_q6 is in salmon_indexes_versioned from /opt/galaxy/tool-data/toolshed.g2.bx.psu.edu/repos/iuc/data_manager_salmon_index_builder/7d4fd734b078/salmon_indexes_versioned.loc but not in all_fasta
2026-10-09 16:01:39,259 - __main__ - WARNING - Ricinus_communis_JGI_v0.1_all_tx_transcriptome_q6 is in salmon_indexes_versioned from /opt/galaxy/tool-data/toolshed.g2.bx.psu.edu/repos/iuc/data_manager_salmon_index_builder/7d4fd734b078/salmon_indexes_versioned.loc but not in all_fasta
2026-10-09 16:01:39,259 - __main__ - WARNING - Spirodela_polyrhiza_JGI_v2.0_all_tx_transcriptome_q6 is in salmon_indexes_versioned from /opt/galaxy/tool-data/toolshed.g2.bx.psu.edu/repos/iuc/data_manager_salmon_index_builder/7d4fd734b078/salmon_indexes_versioned.loc but not in all_fasta
2026-10-09 16:01:39,259 - __main__ - WARNING - Phalaenopsis_equestris_Genomics_v1.0_all_tx_transcriptome_q6 is in salmon_indexes_versioned from /opt/galaxy/tool-data/toolshed.g2.bx.psu.edu/repos/iuc/data_manager_salmon_index_builder/7d4fd734b078/salmon_indexes_versioned.loc but not in all_fasta
2026-10-09 16:01:39,259 - __main__ - WARNING - Capsella_rubella_JGI_v1.0_all_tx_transcriptome_q6 is in salmon_indexes_versioned from /opt/galaxy/tool-data/toolshed.g2.bx.psu.edu/repos/iuc/data_manager_salmon_index_builder/7d4fd734b078/salmon_indexes_versioned.loc but not in all_fasta
2026-10-09 16:01:39,259 - __main__ - WARNING - Nelumbo_nucifera_LOTUS-DB_v1.1_all_tx_transcriptome_q6 is in salmon_indexes_versioned from /opt/galaxy/tool-data/toolshed.g2.bx.psu.edu/repos/iuc/data_manager_salmon_index_builder/7d4fd734b078/salmon_indexes_versioned.loc but not in all_fasta
2026-10-09 16:01:39,259 - __main__ - WARNING - Fragaria_vesca_JGI_v1.1_all_tx_transcriptome_q6 is in salmon_indexes_versioned from /opt/galaxy/tool-data/toolshed.g2.bx.psu.edu/repos/iuc/data_manager_salmon_index_builder/7d4fd734b078/salmon_indexes_versioned.loc but not in all_fasta
2026-10-09 16:01:39,259 - __main__ - WARNING - Solanum_tuberosum_ITAG_001_all_tx_transcriptome_q6 is in salmon_indexes_versioned from /opt/galaxy/tool-data/toolshed.g2.bx.psu.edu/repos/iuc/data_manager_salmon_index_builder/7d4fd734b078/salmon_indexes_versioned.loc but not in all_fasta
2026-10-09 16:01:39,259 - __main__ - WARNING - Thellungiella_parvula_TpV84_all_tx_transcriptome_q6 is in salmon_indexes_versioned from /opt/galaxy/tool-data/toolshed.g2.bx.psu.edu/repos/iuc/data_manager_salmon_index_builder/7d4fd734b078/salmon_indexes_versioned.loc but not in all_fasta
2026-10-09 16:01:39,259 - __main__ - WARNING - Elaeis_guineensis_EG5.1_all_tx_transcriptome_q6 is in salmon_indexes_versioned from /opt/galaxy/tool-data/toolshed.g2.bx.psu.edu/repos/iuc/data_manager_salmon_index_builder/7d4fd734b078/salmon_indexes_versioned.loc but not in all_fasta
2026-10-09 16:01:39,259 - __main__ - WARNING - Capsicum_annuum_Pepper_Genome_v2.0_all_tx_transcriptome_q6 is in salmon_indexes_versioned from /opt/galaxy/tool-data/toolshed.g2.bx.psu.edu/repos/iuc/data_manager_salmon_index_builder/7d4fd734b078/salmon_indexes_versioned.loc but not in all_fasta
2026-10-09 16:01:39,259 - __main__ - WARNING - Prunus_persica_JGI_release_v1.0_all_tx_transcriptome_q6 is in salmon_indexes_versioned from /opt/galaxy/tool-data/toolshed.g2.bx.psu.edu/repos/iuc/data_manager_salmon_index_builder/7d4fd734b078/salmon_indexes_versioned.loc but not in all_fasta
2026-10-09 16:01:39,259 - __main__ - WARNING - Solanum_tuberosum_JGI_v4.03_all_tx_transcriptome_q6 is in salmon_indexes_versioned from /opt/galaxy/tool-data/toolshed.g2.bx.psu.edu/repos/iuc/data_manager_salmon_index_builder/7d4fd734b078/salmon_indexes_versioned.loc but not in all_fasta
2026-10-09 16:01:39,259 - __main__ - WARNING - Schrenkiella_parvula_Thellungiella_v2.0_TpV84_all_tx_transcriptome_q6 is in salmon_indexes_versioned from /opt/galaxy/tool-data/toolshed.g2.bx.psu.edu/repos/iuc/data_manager_salmon_index_builder/7d4fd734b078/salmon_indexes_versioned.loc but not in all_fasta
2026-10-09 16:01:39,259 - __main__ - WARNING - Solanum_lycopersicum_Sol_Genomics_itag2.4_all_tx_transcriptome_q6 is in salmon_indexes_versioned from /opt/galaxy/tool-data/toolshed.g2.bx.psu.edu/repos/iuc/data_manager_salmon_index_builder/7d4fd734b078/salmon_indexes_versioned.loc but not in all_fasta
2026-10-09 16:01:39,260 - __main__ - WARNING - Musa_acuminata_Genescope-Cirad_all_tx_transcriptome_q6 is in salmon_indexes_versioned from /opt/galaxy/tool-data/toolshed.g2.bx.psu.edu/repos/iuc/data_manager_salmon_index_builder/7d4fd734b078/salmon_indexes_versioned.loc but not in all_fasta
2026-10-09 16:01:39,260 - __main__ - WARNING - Hordeum_vulgare_MIPS_all_tx_transcriptome_q6 is in salmon_indexes_versioned from /opt/galaxy/tool-data/toolshed.g2.bx.psu.edu/repos/iuc/data_manager_salmon_index_builder/7d4fd734b078/salmon_indexes_versioned.loc but not in all_fasta
2026-10-09 16:01:39,260 - __main__ - WARNING - Setaria_italica_JGI_8.3X_chromosome-scale_assembly_release_2.0_annotation_version_2.1_all_tx_transcriptome_q6 is in salmon_indexes_versioned from /opt/galaxy/tool-data/toolshed.g2.bx.psu.edu/repos/iuc/data_manager_salmon_index_builder/7d4fd734b078/salmon_indexes_versioned.loc but not in all_fasta
2026-10-09 16:01:39,260 - __main__ - WARNING - Musa_acuminata_Banana_Genome_v1.0_all_tx_transcriptome_q6 is in salmon_indexes_versioned from /opt/galaxy/tool-data/toolshed.g2.bx.psu.edu/repos/iuc/data_manager_salmon_index_builder/7d4fd734b078/salmon_indexes_versioned.loc but not in all_fasta
2026-10-09 16:01:39,260 - __main__ - WARNING - Citrus_clementina_JGI_v1.0_all_tx_transcriptome_q6 is in salmon_indexes_versioned from /opt/galaxy/tool-data/toolshed.g2.bx.psu.edu/repos/iuc/data_manager_salmon_index_builder/7d4fd734b078/salmon_indexes_versioned.loc but not in all_fasta
2026-10-09 16:01:39,260 - __main__ - WARNING - Manihot_esculenta_Cassava4_all_tx_transcriptome_q6 is in salmon_indexes_versioned from /opt/galaxy/tool-data/toolshed.g2.bx.psu.edu/repos/iuc/data_manager_salmon_index_builder/7d4fd734b078/salmon_indexes_versioned.loc but not in all_fasta
2026-10-09 16:01:39,260 - __main__ - WARNING - Petunia_axillaris_Sol_Genomics_v1.6.2_all_tx_transcriptome_q6 is in salmon_indexes_versioned from /opt/galaxy/tool-data/toolshed.g2.bx.psu.edu/repos/iuc/data_manager_salmon_index_builder/7d4fd734b078/salmon_indexes_versioned.loc but not in all_fasta
2026-10-09 16:01:39,260 - __main__ - WARNING - Selaginella_moellendorffii_NCBIr100_all_tx_transcriptome_q6 is in salmon_indexes_versioned from /opt/galaxy/tool-data/toolshed.g2.bx.psu.edu/repos/iuc/data_manager_salmon_index_builder/7d4fd734b078/salmon_indexes_versioned.loc but not in all_fasta
2026-10-09 16:01:39,260 - __main__ - WARNING - Sorghum_bicolor_JGI_1.4_all_tx_transcriptome_q6 is in salmon_indexes_versioned from /opt/galaxy/tool-data/toolshed.g2.bx.psu.edu/repos/iuc/data_manager_salmon_index_builder/7d4fd734b078/salmon_indexes_versioned.loc but not in all_fasta
2026-10-09 16:01:39,260 - __main__ - WARNING - Oryza_sativa_ssp._indica_9311_BGF_2005_all_tx_transcriptome_q6 is in salmon_indexes_versioned from /opt/galaxy/tool-data/toolshed.g2.bx.psu.edu/repos/iuc/data_manager_salmon_index_builder/7d4fd734b078/salmon_indexes_versioned.loc but not in all_fasta
2026-10-09 16:01:39,260 - __main__ - WARNING - Manihot_esculenta_JGI_v6.1_all_tx_transcriptome_q6 is in salmon_indexes_versioned from /opt/galaxy/tool-data/toolshed.g2.bx.psu.edu/repos/iuc/data_manager_salmon_index_builder/7d4fd734b078/salmon_indexes_versioned.loc but not in all_fasta
2026-10-09 16:01:39,260 - __main__ - WARNING - Pyrus_bretschneideri_Pear_Genome_Project_v1.0_all_tx_transcriptome_q6 is in salmon_indexes_versioned from /opt/galaxy/tool-data/toolshed.g2.bx.psu.edu/repos/iuc/data_manager_salmon_index_builder/7d4fd734b078/salmon_indexes_versioned.loc but not in all_fasta
2026-10-09 16:01:39,260 - __main__ - WARNING - Chlamydomonas_reinhardtii_JGI_v5.0_assembly_annot_v5.3.1_based_on_Augustus_u11.6_all_tx_transcriptome_q6 is in salmon_indexes_versioned from /opt/galaxy/tool-data/toolshed.g2.bx.psu.edu/repos/iuc/data_manager_salmon_index_builder/7d4fd734b078/salmon_indexes_versioned.loc but not in all_fasta
2026-10-09 16:01:39,260 - __main__ - WARNING - Zostera_marina_JGI_v2.2_all_tx_transcriptome_q6 is in salmon_indexes_versioned from /opt/galaxy/tool-data/toolshed.g2.bx.psu.edu/repos/iuc/data_manager_salmon_index_builder/7d4fd734b078/salmon_indexes_versioned.loc but not in all_fasta
2026-10-09 16:01:39,260 - __main__ - WARNING - Theobroma_cacao_D._Gilbert_public_gene_set_8_Mar_2012_on_assembly_v1.1_all_tx_transcriptome_q6 is in salmon_indexes_versioned from /opt/galaxy/tool-data/toolshed.g2.bx.psu.edu/repos/iuc/data_manager_salmon_index_builder/7d4fd734b078/salmon_indexes_versioned.loc but not in all_fasta
2026-10-09 16:01:39,260 - __main__ - WARNING - Chlamydomonas_reinhardtii_JGI_v5.5_all_tx_transcriptome_q6 is in salmon_indexes_versioned from /opt/galaxy/tool-data/toolshed.g2.bx.psu.edu/repos/iuc/data_manager_salmon_index_builder/7d4fd734b078/salmon_indexes_versioned.loc but not in all_fasta
2026-10-09 16:01:39,260 - __main__ - WARNING - Ricinus_communis_JCVI_1.0_all_tx_transcriptome_q6 is in salmon_indexes_versioned from /opt/galaxy/tool-data/toolshed.g2.bx.psu.edu/repos/iuc/data_manager_salmon_index_builder/7d4fd734b078/salmon_indexes_versioned.loc but not in all_fasta
2026-10-09 16:01:39,260 - __main__ - WARNING - Eucalyptus_grandis_JGI_v2.0_all_tx_transcriptome_q6 is in salmon_indexes_versioned from /opt/galaxy/tool-data/toolshed.g2.bx.psu.edu/repos/iuc/data_manager_salmon_index_builder/7d4fd734b078/salmon_indexes_versioned.loc but not in all_fasta
2026-10-09 16:01:39,260 - __main__ - WARNING - Brassica_oleracea_Ensembl_Genomes_v2.1_all_tx_transcriptome_q6 is in salmon_indexes_versioned from /opt/galaxy/tool-data/toolshed.g2.bx.psu.edu/repos/iuc/data_manager_salmon_index_builder/7d4fd734b078/salmon_indexes_versioned.loc but not in all_fasta
2026-10-09 16:01:39,260 - __main__ - WARNING - Cicer_arietinum_LIS_v1.0_all_tx_transcriptome_q6 is in salmon_indexes_versioned from /opt/galaxy/tool-data/toolshed.g2.bx.psu.edu/repos/iuc/data_manager_salmon_index_builder/7d4fd734b078/salmon_indexes_versioned.loc but not in all_fasta
2026-10-09 16:01:39,260 - __main__ - WARNING - Tarenaya_hassleriana_RefSeq_v1_all_tx_transcriptome_q6 is in salmon_indexes_versioned from /opt/galaxy/tool-data/toolshed.g2.bx.psu.edu/repos/iuc/data_manager_salmon_index_builder/7d4fd734b078/salmon_indexes_versioned.loc but not in all_fasta
2026-10-09 16:01:39,260 - __main__ - WARNING - Theobroma_cacao_RefSeq_v1.1_all_tx_transcriptome_q6 is in salmon_indexes_versioned from /opt/galaxy/tool-data/toolshed.g2.bx.psu.edu/repos/iuc/data_manager_salmon_index_builder/7d4fd734b078/salmon_indexes_versioned.loc but not in all_fasta
2026-10-09 16:01:39,260 - __main__ - WARNING - Saccharum_spontaneum_v20190103_all_tx_transcriptome_q6 is in salmon_indexes_versioned from /opt/galaxy/tool-data/toolshed.g2.bx.psu.edu/repos/iuc/data_manager_salmon_index_builder/7d4fd734b078/salmon_indexes_versioned.loc but not in all_fasta
2026-10-09 16:01:39,260 - __main__ - WARNING - Oryza_brachyantha_Ensembl_Plants_v1.4b_all_tx_transcriptome_q6 is in salmon_indexes_versioned from /opt/galaxy/tool-data/toolshed.g2.bx.psu.edu/repos/iuc/data_manager_salmon_index_builder/7d4fd734b078/salmon_indexes_versioned.loc but not in all_fasta
2026-10-09 16:01:39,260 - __main__ - WARNING - Musa_acuminata_Banana_Genome_v2.0_all_tx_transcriptome_q6 is in salmon_indexes_versioned from /opt/galaxy/tool-data/toolshed.g2.bx.psu.edu/repos/iuc/data_manager_salmon_index_builder/7d4fd734b078/salmon_indexes_versioned.loc but not in all_fasta
2026-10-09 16:01:39,260 - __main__ - WARNING - Solanum_lycopersicum_ITAG_2.3_all_tx_transcriptome_q6 is in salmon_indexes_versioned from /opt/galaxy/tool-data/toolshed.g2.bx.psu.edu/repos/iuc/data_manager_salmon_index_builder/7d4fd734b078/salmon_indexes_versioned.loc but not in all_fasta
2026-10-09 16:01:39,260 - __main__ - WARNING - Physcomitrella_patens_JGI_assembly_release_v1.1_and_COSMOSS_annotation_v1.6_all_tx_transcriptome_q6 is in salmon_indexes_versioned from /opt/galaxy/tool-data/toolshed.g2.bx.psu.edu/repos/iuc/data_manager_salmon_index_builder/7d4fd734b078/salmon_indexes_versioned.loc but not in all_fasta
2026-10-09 16:01:39,260 - __main__ - WARNING - Oryza_sativa_ssp._indica_MBKBASE_v1.0_all_tx_transcriptome_q6 is in salmon_indexes_versioned from /opt/galaxy/tool-data/toolshed.g2.bx.psu.edu/repos/iuc/data_manager_salmon_index_builder/7d4fd734b078/salmon_indexes_versioned.loc but not in all_fasta
2026-10-09 16:01:39,260 - __main__ - WARNING - Hevea_brasiliensis_NCBI_Genomes_v1_all_tx_transcriptome_q6 is in salmon_indexes_versioned from /opt/galaxy/tool-data/toolshed.g2.bx.psu.edu/repos/iuc/data_manager_salmon_index_builder/7d4fd734b078/salmon_indexes_versioned.loc but not in all_fasta
2026-10-09 16:01:39,260 - __main__ - WARNING - Vigna_radiata_var._radiata_LIS_v6_all_tx_transcriptome_q6 is in salmon_indexes_versioned from /opt/galaxy/tool-data/toolshed.g2.bx.psu.edu/repos/iuc/data_manager_salmon_index_builder/7d4fd734b078/salmon_indexes_versioned.loc but not in all_fasta
2026-10-09 16:01:39,260 - __main__ - WARNING - Eucalyptus_grandis_JGI_assembly_v1.0_annotation_v1.1_all_tx_transcriptome_q6 is in salmon_indexes_versioned from /opt/galaxy/tool-data/toolshed.g2.bx.psu.edu/repos/iuc/data_manager_salmon_index_builder/7d4fd734b078/salmon_indexes_versioned.loc but not in all_fasta
2026-10-09 16:01:39,260 - __main__ - WARNING - Zea_mays_PH207_v1.0_all_tx_transcriptome_q6 is in salmon_indexes_versioned from /opt/galaxy/tool-data/toolshed.g2.bx.psu.edu/repos/iuc/data_manager_salmon_index_builder/7d4fd734b078/salmon_indexes_versioned.loc but not in all_fasta
2026-10-09 16:01:39,260 - __main__ - WARNING - Marchantia_polymorpha_JGI_v3.1_all_tx_transcriptome_q6 is in salmon_indexes_versioned from /opt/galaxy/tool-data/toolshed.g2.bx.psu.edu/repos/iuc/data_manager_salmon_index_builder/7d4fd734b078/salmon_indexes_versioned.loc but not in all_fasta
2026-10-09 16:01:39,260 - __main__ - WARNING - Gossypium_raimondii_JGI_v2.1_all_tx_transcriptome_q6 is in salmon_indexes_versioned from /opt/galaxy/tool-data/toolshed.g2.bx.psu.edu/repos/iuc/data_manager_salmon_index_builder/7d4fd734b078/salmon_indexes_versioned.loc but not in all_fasta
2026-10-09 16:01:39,260 - __main__ - WARNING - Hordeum_vulgare_Ensembl_Genomes_ASM32608v1_all_tx_transcriptome_q6 is in salmon_indexes_versioned from /opt/galaxy/tool-data/toolshed.g2.bx.psu.edu/repos/iuc/data_manager_salmon_index_builder/7d4fd734b078/salmon_indexes_versioned.loc but not in all_fasta
2026-10-09 16:01:39,260 - __main__ - WARNING - Glycine_max_JGI_Glyma1.1_annotation_of_the_chromosome-based_Glyma1_assembly_all_tx_transcriptome_q6 is in salmon_indexes_versioned from /opt/galaxy/tool-data/toolshed.g2.bx.psu.edu/repos/iuc/data_manager_salmon_index_builder/7d4fd734b078/salmon_indexes_versioned.loc but not in all_fasta
2026-10-09 16:01:39,260 - __main__ - WARNING - Medicago_truncatula_JGI_Mt4.0v1_all_tx_transcriptome_q6 is in salmon_indexes_versioned from /opt/galaxy/tool-data/toolshed.g2.bx.psu.edu/repos/iuc/data_manager_salmon_index_builder/7d4fd734b078/salmon_indexes_versioned.loc but not in all_fasta
2026-10-09 16:01:39,260 - __main__ - WARNING - Vitis_vinifera_JGI_12xMarch2010_all_tx_transcriptome_q6 is in salmon_indexes_versioned from /opt/galaxy/tool-data/toolshed.g2.bx.psu.edu/repos/iuc/data_manager_salmon_index_builder/7d4fd734b078/salmon_indexes_versioned.loc but not in all_fasta
2026-10-09 16:01:39,261 - __main__ - WARNING - Setaria_italica_JGI_v2.2_all_tx_transcriptome_q6 is in salmon_indexes_versioned from /opt/galaxy/tool-data/toolshed.g2.bx.psu.edu/repos/iuc/data_manager_salmon_index_builder/7d4fd734b078/salmon_indexes_versioned.loc but not in all_fasta
2026-10-09 16:01:39,261 - __main__ - WARNING - Gossypium_raimondii_JGI_annotation_v2.1_on_assembly_v2.0_all_tx_transcriptome_q6 is in salmon_indexes_versioned from /opt/galaxy/tool-data/toolshed.g2.bx.psu.edu/repos/iuc/data_manager_salmon_index_builder/7d4fd734b078/salmon_indexes_versioned.loc but not in all_fasta
2026-10-09 16:01:39,261 - __main__ - WARNING - Phyllostachys_edulis_NCGR_v1.0_all_tx_transcriptome_q6 is in salmon_indexes_versioned from /opt/galaxy/tool-data/toolshed.g2.bx.psu.edu/repos/iuc/data_manager_salmon_index_builder/7d4fd734b078/salmon_indexes_versioned.loc but not in all_fasta
2026-10-09 16:01:39,261 - __main__ - WARNING - Medicago_truncatula_JCVI_4.0_all_tx_transcriptome_q6 is in salmon_indexes_versioned from /opt/galaxy/tool-data/toolshed.g2.bx.psu.edu/repos/iuc/data_manager_salmon_index_builder/7d4fd734b078/salmon_indexes_versioned.loc but not in all_fasta
2026-10-09 16:01:39,261 - __main__ - WARNING - Malus_domestica_IASMA_all_tx_transcriptome_q6 is in salmon_indexes_versioned from /opt/galaxy/tool-data/toolshed.g2.bx.psu.edu/repos/iuc/data_manager_salmon_index_builder/7d4fd734b078/salmon_indexes_versioned.loc but not in all_fasta
2026-10-09 16:01:39,261 - __main__ - WARNING - Sorghum_bicolor_JGI_v3.1_all_tx_transcriptome_q6 is in salmon_indexes_versioned from /opt/galaxy/tool-data/toolshed.g2.bx.psu.edu/repos/iuc/data_manager_salmon_index_builder/7d4fd734b078/salmon_indexes_versioned.loc but not in all_fasta
2026-10-09 16:01:39,261 - __main__ - WARNING - Populus_trichocarpa_JGI_assembly_release_v3.0_annotation_v3.0_all_tx_transcriptome_q6 is in salmon_indexes_versioned from /opt/galaxy/tool-data/toolshed.g2.bx.psu.edu/repos/iuc/data_manager_salmon_index_builder/7d4fd734b078/salmon_indexes_versioned.loc but not in all_fasta
2026-10-09 16:01:39,261 - __main__ - WARNING - Populus_trichocarpa_JGI_v3.1_all_tx_transcriptome_q6 is in salmon_indexes_versioned from /opt/galaxy/tool-data/toolshed.g2.bx.psu.edu/repos/iuc/data_manager_salmon_index_builder/7d4fd734b078/salmon_indexes_versioned.loc but not in all_fasta
2026-10-09 16:01:39,261 - __main__ - WARNING - Triticum_turgidum_Svevo_v1.0_all_tx_transcriptome_q6 is in salmon_indexes_versioned from /opt/galaxy/tool-data/toolshed.g2.bx.psu.edu/repos/iuc/data_manager_salmon_index_builder/7d4fd734b078/salmon_indexes_versioned.loc but not in all_fasta
2026-10-09 16:01:39,261 - __main__ - WARNING - Physcomitrella_patens_JGI_v3.3_all_tx_transcriptome_q6 is in salmon_indexes_versioned from /opt/galaxy/tool-data/toolshed.g2.bx.psu.edu/repos/iuc/data_manager_salmon_index_builder/7d4fd734b078/salmon_indexes_versioned.loc but not in all_fasta
2026-10-09 16:01:39,261 - __main__ - WARNING - Triticum_aestivum_Ensembl_Plants_TGACv1_all_tx_transcriptome_q6 is in salmon_indexes_versioned from /opt/galaxy/tool-data/toolshed.g2.bx.psu.edu/repos/iuc/data_manager_salmon_index_builder/7d4fd734b078/salmon_indexes_versioned.loc but not in all_fasta
2026-10-09 16:01:39,261 - __main__ - WARNING - Utricularia_gibba_CoGe_v4_all_tx_transcriptome_q6 is in salmon_indexes_versioned from /opt/galaxy/tool-data/toolshed.g2.bx.psu.edu/repos/iuc/data_manager_salmon_index_builder/7d4fd734b078/salmon_indexes_versioned.loc but not in all_fasta
2026-10-09 16:01:39,261 - __main__ - WARNING - Zoysia_japonica_ssp._nagirizaki_Zoysia_Genome_Database_v1.1_all_tx_transcriptome_q6 is in salmon_indexes_versioned from /opt/galaxy/tool-data/toolshed.g2.bx.psu.edu/repos/iuc/data_manager_salmon_index_builder/7d4fd734b078/salmon_indexes_versioned.loc but not in all_fasta
2026-10-09 16:01:39,261 - __main__ - WARNING - Citrullus_lanatus_Cucurbit_Genomics_Database_v1.0_all_tx_transcriptome_q6 is in salmon_indexes_versioned from /opt/galaxy/tool-data/toolshed.g2.bx.psu.edu/repos/iuc/data_manager_salmon_index_builder/7d4fd734b078/salmon_indexes_versioned.loc but not in all_fasta
2026-10-09 16:01:39,261 - __main__ - WARNING - Zea_mays_B73_AGP_v4.0_all_tx_transcriptome_q6 is in salmon_indexes_versioned from /opt/galaxy/tool-data/toolshed.g2.bx.psu.edu/repos/iuc/data_manager_salmon_index_builder/7d4fd734b078/salmon_indexes_versioned.loc but not in all_fasta
2026-10-09 16:01:39,261 - __main__ - WARNING - Erythranthe_guttata_JGI_v2.0_all_tx_transcriptome_q6 is in salmon_indexes_versioned from /opt/galaxy/tool-data/toolshed.g2.bx.psu.edu/repos/iuc/data_manager_salmon_index_builder/7d4fd734b078/salmon_indexes_versioned.loc but not in all_fasta
2026-10-09 16:01:39,261 - __main__ - WARNING - Picea_abies_ConGenIE_v1.0_all_tx_transcriptome_q6 is in salmon_indexes_versioned from /opt/galaxy/tool-data/toolshed.g2.bx.psu.edu/repos/iuc/data_manager_salmon_index_builder/7d4fd734b078/salmon_indexes_versioned.loc but not in all_fasta
2026-10-09 16:01:39,261 - __main__ - WARNING - Prunus_persica_JGI_v2.1_all_tx_transcriptome_q6 is in salmon_indexes_versioned from /opt/galaxy/tool-data/toolshed.g2.bx.psu.edu/repos/iuc/data_manager_salmon_index_builder/7d4fd734b078/salmon_indexes_versioned.loc but not in all_fasta
2026-10-09 16:01:39,261 - __main__ - WARNING - Oryza_sativa_ssp._japonica_JGI_v7.0_all_tx_transcriptome_q6 is in salmon_indexes_versioned from /opt/galaxy/tool-data/toolshed.g2.bx.psu.edu/repos/iuc/data_manager_salmon_index_builder/7d4fd734b078/salmon_indexes_versioned.loc but not in all_fasta
2026-10-09 16:01:39,261 - __main__ - WARNING - Triticum_aestivum_IWGSC1.1_all_tx_transcriptome_q6 is in salmon_indexes_versioned from /opt/galaxy/tool-data/toolshed.g2.bx.psu.edu/repos/iuc/data_manager_salmon_index_builder/7d4fd734b078/salmon_indexes_versioned.loc but not in all_fasta
2026-10-09 16:01:39,261 - __main__ - WARNING - Coffea_canephora_Coffee_Genome_Hub_v1_all_tx_transcriptome_q6 is in salmon_indexes_versioned from /opt/galaxy/tool-data/toolshed.g2.bx.psu.edu/repos/iuc/data_manager_salmon_index_builder/7d4fd734b078/salmon_indexes_versioned.loc but not in all_fasta
2026-10-09 16:01:39,261 - __main__ - WARNING - Vitis_vinifera_genescope_v1_all_tx_transcriptome_q6 is in salmon_indexes_versioned from /opt/galaxy/tool-data/toolshed.g2.bx.psu.edu/repos/iuc/data_manager_salmon_index_builder/7d4fd734b078/salmon_indexes_versioned.loc but not in all_fasta
2026-10-09 16:01:39,261 - __main__ - WARNING - Daucus_carota_JGI_v2.0_all_tx_transcriptome_q6 is in salmon_indexes_versioned from /opt/galaxy/tool-data/toolshed.g2.bx.psu.edu/repos/iuc/data_manager_salmon_index_builder/7d4fd734b078/salmon_indexes_versioned.loc but not in all_fasta
2026-10-09 16:01:39,261 - __main__ - WARNING - Malus_domestica_Penguin_Genomics_v2_all_tx_transcriptome_q6 is in salmon_indexes_versioned from /opt/galaxy/tool-data/toolshed.g2.bx.psu.edu/repos/iuc/data_manager_salmon_index_builder/7d4fd734b078/salmon_indexes_versioned.loc but not in all_fasta
2026-10-09 16:01:39,261 - __main__ - WARNING - Cucumis_sativus_L._JGI_v1.0_all_tx_transcriptome_q6 is in salmon_indexes_versioned from /opt/galaxy/tool-data/toolshed.g2.bx.psu.edu/repos/iuc/data_manager_salmon_index_builder/7d4fd734b078/salmon_indexes_versioned.loc but not in all_fasta
2026-10-09 16:01:39,261 - __main__ - WARNING - Fragaria_vesca_Strawberry_Genome_1.0_all_tx_transcriptome_q6 is in salmon_indexes_versioned from /opt/galaxy/tool-data/toolshed.g2.bx.psu.edu/repos/iuc/data_manager_salmon_index_builder/7d4fd734b078/salmon_indexes_versioned.loc but not in all_fasta
2026-10-09 16:01:39,261 - __main__ - WARNING - Cenchrus_americanus_v1.0_all_tx_transcriptome_q6 is in salmon_indexes_versioned from /opt/galaxy/tool-data/toolshed.g2.bx.psu.edu/repos/iuc/data_manager_salmon_index_builder/7d4fd734b078/salmon_indexes_versioned.loc but not in all_fasta
2026-10-09 16:01:39,261 - __main__ - WARNING - Brassica_rapa_Annotation_v1.2_on_assembly_v1.1_Phytozome_9.1_all_tx_transcriptome_q6 is in salmon_indexes_versioned from /opt/galaxy/tool-data/toolshed.g2.bx.psu.edu/repos/iuc/data_manager_salmon_index_builder/7d4fd734b078/salmon_indexes_versioned.loc but not in all_fasta
2026-10-09 16:01:39,261 - __main__ - WARNING - Capsella_rubella_JGI_annotation_v1.0_on_assembly_v1_all_tx_transcriptome_q6 is in salmon_indexes_versioned from /opt/galaxy/tool-data/toolshed.g2.bx.psu.edu/repos/iuc/data_manager_salmon_index_builder/7d4fd734b078/salmon_indexes_versioned.loc but not in all_fasta
2026-10-09 16:01:39,261 - __main__ - WARNING - Cajanus_cajan_Penguin_Genomics_v5.0_all_tx_transcriptome_q6 is in salmon_indexes_versioned from /opt/galaxy/tool-data/toolshed.g2.bx.psu.edu/repos/iuc/data_manager_salmon_index_builder/7d4fd734b078/salmon_indexes_versioned.loc but not in all_fasta
2026-10-09 16:01:39,261 - __main__ - WARNING - Citrus_sinensis_JGI_v1_assembly_and_v1.0_annotation_all_tx_transcriptome_q6 is in salmon_indexes_versioned from /opt/galaxy/tool-data/toolshed.g2.bx.psu.edu/repos/iuc/data_manager_salmon_index_builder/7d4fd734b078/salmon_indexes_versioned.loc but not in all_fasta
2026-10-09 16:01:39,261 - __main__ - WARNING - Trifolium_pratense_JGI_v2_all_tx_transcriptome_q6 is in salmon_indexes_versioned from /opt/galaxy/tool-data/toolshed.g2.bx.psu.edu/repos/iuc/data_manager_salmon_index_builder/7d4fd734b078/salmon_indexes_versioned.loc but not in all_fasta
2026-10-09 16:01:39,261 - __main__ - WARNING - Chenopodium_quinoa_JGI_v1.0_all_tx_transcriptome_q6 is in salmon_indexes_versioned from /opt/galaxy/tool-data/toolshed.g2.bx.psu.edu/repos/iuc/data_manager_salmon_index_builder/7d4fd734b078/salmon_indexes_versioned.loc but not in all_fasta
2026-10-09 16:01:39,261 - __main__ - WARNING - Brassica_rapa_JGI_FPsc1.3_all_tx_transcriptome_q6 is in salmon_indexes_versioned from /opt/galaxy/tool-data/toolshed.g2.bx.psu.edu/repos/iuc/data_manager_salmon_index_builder/7d4fd734b078/salmon_indexes_versioned.loc but not in all_fasta
2026-10-09 16:01:39,261 - __main__ - WARNING - Elaeis_guineensis_NCBI_Genome_v1.0_all_tx_transcriptome_q6 is in salmon_indexes_versioned from /opt/galaxy/tool-data/toolshed.g2.bx.psu.edu/repos/iuc/data_manager_salmon_index_builder/7d4fd734b078/salmon_indexes_versioned.loc but not in all_fasta
2026-10-09 16:01:39,261 - __main__ - WARNING - Oryza_sativa_ssp._japonica_MSU_RGAP_7_all_tx_transcriptome_q6 is in salmon_indexes_versioned from /opt/galaxy/tool-data/toolshed.g2.bx.psu.edu/repos/iuc/data_manager_salmon_index_builder/7d4fd734b078/salmon_indexes_versioned.loc but not in all_fasta
2026-10-09 16:01:39,261 - __main__ - WARNING - Glycine_max_JGI_Wm82.a2.v1_all_tx_transcriptome_q6 is in salmon_indexes_versioned from /opt/galaxy/tool-data/toolshed.g2.bx.psu.edu/repos/iuc/data_manager_salmon_index_builder/7d4fd734b078/salmon_indexes_versioned.loc but not in all_fasta
2026-10-09 16:01:39,262 - __main__ - WARNING - Hordeum_vulgare_IBC_PGSB_v2_all_tx_transcriptome_q6 is in salmon_indexes_versioned from /opt/galaxy/tool-data/toolshed.g2.bx.psu.edu/repos/iuc/data_manager_salmon_index_builder/7d4fd734b078/salmon_indexes_versioned.loc but not in all_fasta
2026-10-09 16:01:39,262 - __main__ - INFO - Checking table sam_fa_indexes entries
2026-10-09 16:01:39,262 - __main__ - INFO - Checking table srma_indexes entries
2026-10-09 16:01:39,262 - __main__ - WARNING - hg19_gatk is in srma_indexes from /opt/galaxy/tool-data/picard_index.loc but not in all_fasta
2026-10-09 16:01:39,262 - __main__ - INFO - Checking table tophat2_indexes entries
2026-10-09 16:01:39,262 - __main__ - WARNING - hg38full is in tophat2_indexes from /opt/galaxy/tool-data/bowtie2_indices.loc but not in all_fasta
2026-10-09 16:01:39,262 - __main__ - WARNING - hg38canon is in tophat2_indexes from /opt/galaxy/tool-data/bowtie2_indices.loc but not in all_fasta
2026-10-09 16:01:39,262 - __main__ - WARNING - hg19chrM is in tophat2_indexes from /opt/galaxy/tool-data/bowtie2_indices.loc but not in all_fasta
2026-10-09 16:01:39,262 - __main__ - WARNING - mm10_ERCC is in tophat2_indexes from /opt/galaxy/tool-data/bowtie2_indices.loc but not in all_fasta
2026-10-09 16:01:39,262 - __main__ - INFO - Checking table tophat_indexes entries
2026-10-09 16:01:39,262 - __main__ - WARNING - hg38full is in tophat_indexes from /opt/galaxy/tool-data/bowtie_indices.loc but not in all_fasta
2026-10-09 16:01:39,262 - __main__ - WARNING - hg38canon is in tophat_indexes from /opt/galaxy/tool-data/bowtie_indices.loc but not in all_fasta
2026-10-09 16:01:39,262 - __main__ - WARNING - hg19chrM is in tophat_indexes from /opt/galaxy/tool-data/bowtie_indices.loc but not in all_fasta
2026-10-09 16:01:39,262 - __main__ - INFO - Checking table tophat_indexes_color entries
2026-10-09 16:01:39,262 - __main__ - INFO - Checking table twobit entries
2026-10-09 16:01:39,263 - __main__ - INFO - Checking table vsnp_dnaprints entries
2026-10-09 16:01:39,263 - __main__ - INFO - Checking table vsnp_excel entries
2026-10-09 16:01:39,263 - __main__ - INFO - Checking table vsnp_genbank entries
